Component: ARM Compiler 5.05 update 1 (build 106) Tool: armlink [4d0efa]

==============================================================================

Section Cross References

    main.o(i.LCD_Show) refers to ov7725.o(i.OV7725_Init) for OV7725_Init
    main.o(i.LCD_Show) refers to lcd.o(i.LCD_ShowString) for LCD_ShowString
    main.o(i.LCD_Show) refers to delay.o(i.delay_ms) for delay_ms
    main.o(i.LCD_Show) refers to lcd.o(i.LCD_Fill) for LCD_Fill
    main.o(i.LCD_Show) refers to lcd.o(i.LCD_Clear) for LCD_Clear
    main.o(i.LCD_Show) refers to main.o(i.OV7725_camera_refresh) for OV7725_camera_refresh
    main.o(i.LCD_Show) refers to tasks.o(i.vTaskDelay) for vTaskDelay
    main.o(i.LCD_Show) refers to ov7725.o(i.OV7725_Window_Set) for OV7725_Window_Set
    main.o(i.OV7725_camera_refresh) refers to lcd.o(i.LCD_Scan_Dir) for LCD_Scan_Dir
    main.o(i.OV7725_camera_refresh) refers to lcd.o(i.LCD_Set_Window) for LCD_Set_Window
    main.o(i.OV7725_camera_refresh) refers to lcd.o(i.LCD_WriteRAM_Prepare) for LCD_WriteRAM_Prepare
    main.o(i.OV7725_camera_refresh) refers to exti.o(.data) for ov_sta
    main.o(i.OV7725_camera_refresh) refers to lcd.o(.bss) for lcddev
    main.o(i.OV7725_camera_refresh) refers to timer.o(.data) for ov_frame
    main.o(i.Photograph) refers to mpu6050.o(i.MPU_Init) for MPU_Init
    main.o(i.Photograph) refers to lcd.o(i.LCD_ShowString) for LCD_ShowString
    main.o(i.Photograph) refers to delay.o(i.delay_ms) for delay_ms
    main.o(i.Photograph) refers to lcd.o(i.LCD_Fill) for LCD_Fill
    main.o(i.Photograph) refers to inv_mpu.o(i.mpu_dmp_init) for mpu_dmp_init
    main.o(i.Photograph) refers to w25qxx.o(i.W25QXX_Init) for W25QXX_Init
    main.o(i.Photograph) refers to malloc.o(i.my_mem_init) for my_mem_init
    main.o(i.Photograph) refers to exfuns.o(i.exfuns_init) for exfuns_init
    main.o(i.Photograph) refers to ff.o(i.f_mount) for f_mount
    main.o(i.Photograph) refers to tasks.o(i.uxTaskPriorityGet) for uxTaskPriorityGet
    main.o(i.Photograph) refers to fontupd.o(i.font_init) for font_init
    main.o(i.Photograph) refers to ff.o(i.f_mkdir) for f_mkdir
    main.o(i.Photograph) refers to text.o(i.Show_Str) for Show_Str
    main.o(i.Photograph) refers to malloc.o(i.mymalloc) for mymalloc
    main.o(i.Photograph) refers to timer.o(i.TIM6_Int_Init) for TIM6_Int_Init
    main.o(i.Photograph) refers to exti.o(i.EXTI8_Init) for EXTI8_Init
    main.o(i.Photograph) refers to lcd.o(i.LCD_Clear) for LCD_Clear
    main.o(i.Photograph) refers to dht11.o(i.DHT11_Init) for DHT11_Init
    main.o(i.Photograph) refers to dht11.o(i.DHT11_Read_Data) for DHT11_Read_Data
    main.o(i.Photograph) refers to lcd.o(i.LCD_ShowNum) for LCD_ShowNum
    main.o(i.Photograph) refers to inv_mpu.o(i.mpu_dmp_get_data) for mpu_dmp_get_data
    main.o(i.Photograph) refers to main.o(i.camera_new_pathname) for camera_new_pathname
    main.o(i.Photograph) refers to tasks.o(i.vTaskPrioritySet) for vTaskPrioritySet
    main.o(i.Photograph) refers to bmp.o(i.bmp_encode) for bmp_encode
    main.o(i.Photograph) refers to lcd.o(.data) for POINT_COLOR
    main.o(i.Photograph) refers to exfuns.o(.data) for fs
    main.o(i.Photograph) refers to lcd.o(.bss) for lcddev
    main.o(i.Photograph) refers to main.o(.data) for .data
    main.o(i.SendData) refers to delay.o(i.delay_ms) for delay_ms
    main.o(i.SendData) refers to onenet.o(i.OneNet_DevLink) for OneNet_DevLink
    main.o(i.SendData) refers to onenet.o(i.OneNet_Ping) for OneNet_Ping
    main.o(i.SendData) refers to esp8266.o(i.ESP8266_Clear) for ESP8266_Clear
    main.o(i.SendData) refers to esp8266.o(i.ESP8266_rejoin) for ESP8266_rejoin
    main.o(i.SendData) refers to usart.o(i.UsartPrintf) for UsartPrintf
    main.o(i.SendData) refers to onenet.o(i.OneNet_SendData) for OneNet_SendData
    main.o(i.SendData) refers to esp8266.o(i.ESP8266_GetIPD) for ESP8266_GetIPD
    main.o(i.SendData) refers to onenet.o(i.OneNet_RevPro) for OneNet_RevPro
    main.o(i.SendData) refers to main.o(.data) for .data
    main.o(i.camera_new_pathname) refers to __2sprintf.o(.text) for __2sprintf
    main.o(i.main) refers to misc.o(i.NVIC_PriorityGroupConfig) for NVIC_PriorityGroupConfig
    main.o(i.main) refers to delay.o(i.delay_init) for delay_init
    main.o(i.main) refers to usart.o(i.uart_init) for uart_init
    main.o(i.main) refers to led.o(i.LED_Init) for LED_Init
    main.o(i.main) refers to lcd.o(i.LCD_Init) for LCD_Init
    main.o(i.main) refers to key.o(i.KEY_Init) for KEY_Init
    main.o(i.main) refers to usart.o(i.Usart3_Init) for Usart3_Init
    main.o(i.main) refers to esp8266.o(i.ESP8266_Init) for ESP8266_Init
    main.o(i.main) refers to usart.o(i.UsartPrintf) for UsartPrintf
    main.o(i.main) refers to tasks.o(i.xTaskCreateStatic) for xTaskCreateStatic
    main.o(i.main) refers to tasks.o(i.vTaskStartScheduler) for vTaskStartScheduler
    main.o(i.main) refers to usmart_config.o(.data) for usmart_dev
    main.o(i.main) refers to main.o(.bss) for .bss
[...]
    xTaskRemoveFromEventList                 0x0800fd99   Thumb Code   102  tasks.o(i.xTaskRemoveFromEventList)
    xTaskResumeAll                           0x0800fe31   Thumb Code   180  tasks.o(i.xTaskResumeAll)
    xTimerCreateTimerTask                    0x0800ff15   Thumb Code    80  timers.o(i.xTimerCreateTimerTask)
    xTimerGenericCommand                     0x0800ff9d   Thumb Code    98  timers.o(i.xTimerGenericCommand)
    _get_lc_ctype                            0x0801002d   Thumb Code    44  lc_ctype_c.o(locale$$code)
    _get_lc_numeric                          0x08010059   Thumb Code    44  lc_numeric_c.o(locale$$code)
    __aeabi_d2f                              0x08010085   Thumb Code     0  d2f.o(x$fpl$d2f)
    _d2f                                     0x08010085   Thumb Code    98  d2f.o(x$fpl$d2f)
    __aeabi_dadd                             0x080100e9   Thumb Code     0  daddsub_clz.o(x$fpl$dadd)
    _dadd                                    0x080100e9   Thumb Code   332  daddsub_clz.o(x$fpl$dadd)
    __fpl_dcheck_NaN1                        0x08010239   Thumb Code    10  dcheck1.o(x$fpl$dcheck1)
    __aeabi_ddiv                             0x08010249   Thumb Code     0  ddiv.o(x$fpl$ddiv)
    _ddiv                                    0x08010249   Thumb Code   552  ddiv.o(x$fpl$ddiv)
    __aeabi_d2uiz                            0x080104f9   Thumb Code     0  dfixu.o(x$fpl$dfixu)
    _dfixu                                   0x080104f9   Thumb Code    90  dfixu.o(x$fpl$dfixu)
    __aeabi_ui2d                             0x08010553   Thumb Code     0  dflt_clz.o(x$fpl$dfltu)
    _dfltu                                   0x08010553   Thumb Code    38  dflt_clz.o(x$fpl$dfltu)
    __aeabi_dmul                             0x08010579   Thumb Code     0  dmul.o(x$fpl$dmul)
    _dmul                                    0x08010579   Thumb Code   332  dmul.o(x$fpl$dmul)
    __fpl_dnaninf                            0x080106cd   Thumb Code   156  dnaninf.o(x$fpl$dnaninf)
    __fpl_dretinf                            0x08010769   Thumb Code    12  dretinf.o(x$fpl$dretinf)
    __aeabi_drsub                            0x08010775   Thumb Code     0  daddsub_clz.o(x$fpl$drsb)
    _drsb                                    0x08010775   Thumb Code    22  daddsub_clz.o(x$fpl$drsb)
    _dsqrt                                   0x0801078d   Thumb Code   456  dsqrt_noumaal.o(x$fpl$dsqrt)
    __aeabi_dsub                             0x08010959   Thumb Code     0  daddsub_clz.o(x$fpl$dsub)
    _dsub                                    0x08010959   Thumb Code   464  daddsub_clz.o(x$fpl$dsub)
    __aeabi_f2d                              0x08010b2d   Thumb Code     0  f2d.o(x$fpl$f2d)
    _f2d                                     0x08010b2d   Thumb Code    86  f2d.o(x$fpl$f2d)
    __aeabi_fadd                             0x08010b85   Thumb Code     0  faddsub_clz.o(x$fpl$fadd)
    _fadd                                    0x08010b85   Thumb Code   196  faddsub_clz.o(x$fpl$fadd)
    __fpl_fcheck_NaN1                        0x08010c49   Thumb Code     6  fcheck1.o(x$fpl$fcheck1)
    __aeabi_fdiv                             0x08010c55   Thumb Code     0  fdiv.o(x$fpl$fdiv)
    _fdiv                                    0x08010c55   Thumb Code   384  fdiv.o(x$fpl$fdiv)
    __aeabi_f2iz                             0x08010dd9   Thumb Code     0  ffix.o(x$fpl$ffix)
    _ffix                                    0x08010dd9   Thumb Code    54  ffix.o(x$fpl$ffix)
    __aeabi_f2uiz                            0x08010e11   Thumb Code     0  ffixu.o(x$fpl$ffixu)
    _ffixu                                   0x08010e11   Thumb Code    62  ffixu.o(x$fpl$ffixu)
    __aeabi_i2f                              0x08010e51   Thumb Code     0  fflt_clz.o(x$fpl$fflt)
    _fflt                                    0x08010e51   Thumb Code    48  fflt_clz.o(x$fpl$fflt)
    __aeabi_ui2f                             0x08010e81   Thumb Code     0  fflt_clz.o(x$fpl$ffltu)
    _ffltu                                   0x08010e81   Thumb Code    38  fflt_clz.o(x$fpl$ffltu)
    __aeabi_fmul                             0x08010ea9   Thumb Code     0  fmul.o(x$fpl$fmul)
    _fmul                                    0x08010ea9   Thumb Code   258  fmul.o(x$fpl$fmul)
    __fpl_fnaninf                            0x08010fab   Thumb Code   140  fnaninf.o(x$fpl$fnaninf)
    __fpl_fretinf                            0x08011037   Thumb Code    10  fretinf.o(x$fpl$fretinf)
    __aeabi_fsub                             0x08011041   Thumb Code     0  faddsub_clz.o(x$fpl$fsub)
    _fsub                                    0x08011041   Thumb Code   234  faddsub_clz.o(x$fpl$fsub)
    _printf_fp_dec                           0x0801112b   Thumb Code     4  printf1.o(x$fpl$printf1)
    __fpl_return_NaN                         0x0801112f   Thumb Code   100  retnan.o(x$fpl$retnan)
    __ARM_scalbn                             0x08011193   Thumb Code    92  scalbn.o(x$fpl$scalbn)
    __ARM_scalbnf                            0x080111ef   Thumb Code    76  scalbnf.o(x$fpl$scalbnf)
    __fpl_cmpreturn                          0x0801123b   Thumb Code    48  trapv.o(x$fpl$trapveneer)
    __I$use$fp                               0x0801126a   Number         0  usenofp.o(x$fpl$usenofp)
    asc2_1206                                0x0801126a   Data        1140  lcd.o(.constdata)
    asc2_1608                                0x080116de   Data        1520  lcd.o(.constdata)
    asc2_2412                                0x08011cce   Data        3420  lcd.o(.constdata)
    ov7725_init_reg_tb1                      0x08012a2a   Data         130  ov7725.o(.constdata)
    reg                                      0x08012aac   Data          27  inv_mpu.o(.constdata)
    hw                                       0x08012ac8   Data          12  inv_mpu.o(.constdata)
    test                                     0x08012ad4   Data          40  inv_mpu.o(.constdata)
    memtblsize                               0x08013aec   Data           8  malloc.o(.constdata)
    memblksize                               0x08013af4   Data           8  malloc.o(.constdata)
    memsize                                  0x08013afc   Data           8  malloc.o(.constdata)
    __mathlib_zero                           0x08013c30   Data           8  qnan.o(.constdata)
    Region$$Table$$Base                      0x08013e5c   Number         0  anon$$obj.o(Region$$Table)
    Region$$Table$$Limit                     0x08013e7c   Number         0  anon$$obj.o(Region$$Table)
    __ctype                                  0x08013e89   Data           0  lc_ctype_c.o(locale$$data)
    flag                                     0x20000000   Data           1  main.o(.data)
    StartTask_Handler                        0x20000004   Data           4  main.o(.data)
    Task1Task_Handler                        0x20000008   Data           4  main.o(.data)
    Task2Task_Handler                        0x2000000c   Data           4  main.o(.data)
    Task3Task_Handler                        0x20000010   Data           4  main.o(.data)
    picture_file_size                        0x20000014   Data           4  main.o(.data)
    SystemCoreClock                          0x20000018   Data           4  system_stm32f10x.o(.data)
    AHBPrescTable                            0x2000001c   Data          16  system_stm32f10x.o(.data)
    ov_frame                                 0x2000002c   Data           1  timer.o(.data)
    POINT_COLOR                              0x2000002e   Data           2  lcd.o(.data)
    BACK_COLOR                               0x20000030   Data           2  lcd.o(.data)
    ov_sta                                   0x20000032   Data           1  exti.o(.data)
    W25QXX_TYPE                              0x20000034   Data           2  w25qxx.o(.data)
    TransferError                            0x2000003b   Data           1  sdio_sdcard.o(.data)
    TransferEnd                              0x2000003c   Data           1  sdio_sdcard.o(.data)
    tempbuff                                 0x20000044   Data           4  sdio_sdcard.o(.data)
    USART_RX_STA                             0x20000082   Data           2  usart.o(.data)
    __stdout                                 0x20000084   Data           4  usart.o(.data)
    pxCurrentTCB                             0x2000009c   Data           4  tasks.o(.data)
    sys_cmd_tab                              0x20000110   Data          28  usmart.o(.data)
    usmart_nametab                           0x2000012c   Data          64  usmart_config.o(.data)
    usmart_dev                               0x2000016c   Data         244  usmart_config.o(.data)
    FLASH_SECTOR_COUNT                       0x20000260   Data           2  diskio.o(.data)
    file                                     0x20000270   Data           4  exfuns.o(.data)
    ftemp                                    0x20000274   Data           4  exfuns.o(.data)
    fatbuf                                   0x20000278   Data           4  exfuns.o(.data)
    fs                                       0x2000027c   Data           8  exfuns.o(.data)
    bw                                       0x20000284   Data           4  exfuns.o(.data)
    mallco_dev                               0x20000288   Data          28  malloc.o(.data)
    esp8266_cnt                              0x200002a4   Data           2  esp8266.o(.data)
    esp8266_cntPre                           0x200002a6   Data           2  esp8266.o(.data)
    stArray                                  0x200002a8   Data        1025  main.o(.bss)
    StartTaskStack                           0x200006ac   Data         512  main.o(.bss)
    StartTaskTCB                             0x200008ac   Data          92  main.o(.bss)
    Task1TaskStack                           0x20000908   Data        2048  main.o(.bss)
    Task1TaskTCB                             0x20001108   Data          92  main.o(.bss)
    Task2TaskStack                           0x20001164   Data        2048  main.o(.bss)
    Task2TaskTCB                             0x20001964   Data          92  main.o(.bss)
    Task3TaskStack                           0x200019c0   Data        2048  main.o(.bss)
    Task3TaskTCB                             0x200021c0   Data          92  main.o(.bss)
    lcddev                                   0x2000221c   Data          14  lcd.o(.bss)
    W25QXX_BUFFER                            0x2000222a   Data        4096  w25qxx.o(.bss)
    SDIO_InitStructure                       0x20003230   Data          24  sdio_sdcard.o(.bss)
    SDIO_CmdInitStructure                    0x20003248   Data          20  sdio_sdcard.o(.bss)
    SDIO_DataInitStructure                   0x2000325c   Data          24  sdio_sdcard.o(.bss)
    SDCardInfo                               0x20003298   Data          88  sdio_sdcard.o(.bss)
    SDIO_DATA_BUFFER                         0x200032f0   Data         512  sdio_sdcard.o(.bss)
    USART_RX_BUF                             0x20003500   Data         200  usart.o(.bss)
    xQueueRegistry                           0x200035c8   Data          64  queue.o(.bss)
    mem1base                                 0x200040a0   Data       40960  malloc.o(.bss)
    mem1mapbase                              0x2000e0a0   Data        2560  malloc.o(.bss)
    ftinfo                                   0x2000eaa0   Data          33  fontupd.o(.bss)
    esp8266_buf                              0x2000eac1   Data         128  esp8266.o(.bss)
    __libspace_start                         0x2000eb44   Data          96  libspace.o(.bss)
    __temporary_stack_top$libspace           0x2000eba4   Data           0  libspace.o(.bss)
    mem2base                                 0x68000000   Data       983040  malloc.o(.ARM.__AT_0x68000000)
    mem2mapbase                              0x680f0000   Data       61440  malloc.o(.ARM.__AT_0x680F0000)



==============================================================================

Memory Map of the image

  Image Entry point : 0x08000359

  Load Region LR_1 (Base: 0x08000000, Size: 0x00014250, Max: 0xffffffff, ABSOLUTE, COMPRESSED[0x00014064])

    Execution Region ER_RO (Base: 0x08000000, Size: 0x00013fa8, Max: 0xffffffff, ABSOLUTE)

    Base Addr    Size         Type   Attr      Idx    E Section Name        Object

    0x08000000   0x00000130   Data   RO         2063    RESET               startup_stm32f10x_hd.o
    0x08000130   0x00000008   Code   RO         6337  * !!!main             c_w.l(__main.o)
    0x08000138   0x00000034   Code   RO         6807    !!!scatter          c_w.l(__scatter.o)
    0x0800016c   0x0000005a   Code   RO         6805    !!dczerorl2         c_w.l(__dczerorl2.o)
    0x080001c6   0x00000002   PAD
    0x080001c8   0x0000001c   Code   RO         6809    !!handler_zi        c_w.l(__scatter_zi.o)
    0x080001e4   0x00000000   Code   RO         6310    .ARM.Collect$$_printf_percent$$00000000  c_w.l(_printf_percent.o)
    0x080001e4   0x00000006   Code   RO         6481    .ARM.Collect$$_printf_percent$$00000001  c_w.l(_printf_n.o)
    0x080001ea   0x00000006   Code   RO         6482    .ARM.Collect$$_printf_percent$$00000002  c_w.l(_printf_p.o)
    0x080001f0   0x00000006   Code   RO         6485    .ARM.Collect$$_printf_percent$$00000003  c_w.l(_printf_f.o)
    0x080001f6   0x00000006   Code   RO         6486    .ARM.Collect$$_printf_percent$$00000004  c_w.l(_printf_e.o)
    0x080001fc   0x00000006   Code   RO         6487    .ARM.Collect$$_printf_percent$$00000005  c_w.l(_printf_g.o)
    0x08000202   0x00000006   Code   RO         6488    .ARM.Collect$$_printf_percent$$00000006  c_w.l(_printf_a.o)
    0x08000208   0x0000000a   Code   RO         6493    .ARM.Collect$$_printf_percent$$00000007  c_w.l(_printf_ll.o)
    0x08000212   0x00000006   Code   RO         6484    .ARM.Collect$$_printf_percent$$00000008  c_w.l(_printf_i.o)
    0x08000218   0x00000006   Code   RO         6308    .ARM.Collect$$_printf_percent$$00000009  c_w.l(_printf_d.o)
    0x0800021e   0x00000006   Code   RO         6309    .ARM.Collect$$_printf_percent$$0000000A  c_w.l(_printf_u.o)
    0x08000224   0x00000006   Code   RO         6483    .ARM.Collect$$_printf_percent$$0000000B  c_w.l(_printf_o.o)
    0x0800022a   0x00000006   Code   RO         6307    .ARM.Collect$$_printf_percent$$0000000C  c_w.l(_printf_x.o)
    0x08000230   0x00000006   Code   RO         6490    .ARM.Collect$$_printf_percent$$0000000D  c_w.l(_printf_lli.o)
    0x08000236   0x00000006   Code   RO         6491    .ARM.Collect$$_printf_percent$$0000000E  c_w.l(_printf_lld.o)
    0x0800023c   0x00000006   Code   RO         6492    .ARM.Collect$$_printf_percent$$0000000F  c_w.l(_printf_llu.o)
    0x08000242   0x00000006   Code   RO         6497    .ARM.Collect$$_printf_percent$$00000010  c_w.l(_printf_llo.o)
    0x08000248   0x00000006   Code   RO         6498    .ARM.Collect$$_printf_percent$$00000011  c_w.l(_printf_llx.o)
    0x0800024e   0x0000000a   Code   RO         6494    .ARM.Collect$$_printf_percent$$00000012  c_w.l(_printf_l.o)
    0x08000258   0x00000006   Code   RO         6305    .ARM.Collect$$_printf_percent$$00000013  c_w.l(_printf_c.o)
    0x0800025e   0x00000006   Code   RO         6306    .ARM.Collect$$_printf_percent$$00000014  c_w.l(_printf_s.o)
    0x08000264   0x00000006   Code   RO         6495    .ARM.Collect$$_printf_percent$$00000015  c_w.l(_printf_lc.o)
    0x0800026a   0x00000006   Code   RO         6496    .ARM.Collect$$_printf_percent$$00000016  c_w.l(_printf_ls.o)
    0x08000270   0x00000004   Code   RO         6489    .ARM.Collect$$_printf_percent$$00000017  c_w.l(_printf_percent_end.o)
    0x08000274   0x00000002   Code   RO         6739    .ARM.Collect$$libinit$$00000000  c_w.l(libinit.o)
    0x08000276   0x00000000   Code   RO         6508    .ARM.Collect$$libinit$$00000002  c_w.l(libinit2.o)
    0x08000276   0x00000000   Code   RO         6510    .ARM.Collect$$libinit$$00000004  c_w.l(libinit2.o)
    0x08000276   0x00000008   Code   RO         6511    .ARM.Collect$$libinit$$00000005  c_w.l(libinit2.o)
    0x0800027e   0x00000000   Code   RO         6513    .ARM.Collect$$libinit$$0000000A  c_w.l(libinit2.o)
    0x0800027e   0x00000000   Code   RO         6515    .ARM.Collect$$libinit$$0000000C  c_w.l(libinit2.o)
    0x0800027e   0x00000000   Code   RO         6517    .ARM.Collect$$libinit$$0000000E  c_w.l(libinit2.o)
    0x0800027e   0x00000006   Code   RO         6518    .ARM.Collect$$libinit$$0000000F  c_w.l(libinit2.o)
    0x08000284   0x00000000   Code   RO         6520    .ARM.Collect$$libinit$$00000011  c_w.l(libinit2.o)
    0x08000284   0x0000000c   Code   RO         6521    .ARM.Collect$$libinit$$00000012  c_w.l(libinit2.o)
    0x08000290   0x00000000   Code   RO         6522    .ARM.Collect$$libinit$$00000013  c_w.l(libinit2.o)
    0x08000290   0x00000000   Code   RO         6524    .ARM.Collect$$libinit$$00000015  c_w.l(libinit2.o)
    0x08000290   0x0000000a   Code   RO         6525    .ARM.Collect$$libinit$$00000016  c_w.l(libinit2.o)
    0x0800029a   0x00000000   Code   RO         6526    .ARM.Collect$$libinit$$00000017  c_w.l(libinit2.o)
    0x0800029a   0x00000000   Code   RO         6528    .ARM.Collect$$libinit$$00000019  c_w.l(libinit2.o)
    0x0800029a   0x00000000   Code   RO         6530    .ARM.Collect$$libinit$$0000001B  c_w.l(libinit2.o)
    0x0800029a   0x00000000   Code   RO         6532    .ARM.Collect$$libinit$$0000001D  c_w.l(libinit2.o)
    0x0800029a   0x00000000   Code   RO         6534    .ARM.Collect$$libinit$$0000001F  c_w.l(libinit2.o)
    0x0800029a   0x00000000   Code   RO         6536    .ARM.Collect$$libinit$$00000021  c_w.l(libinit2.o)
    0x0800029a   0x00000000   Code   RO         6538    .ARM.Collect$$libinit$$00000023  c_w.l(libinit2.o)
    0x0800029a   0x00000000   Code   RO         6540    .ARM.Collect$$libinit$$00000025  c_w.l(libinit2.o)
    0x0800029a   0x00000000   Code   RO         6544    .ARM.Collect$$libinit$$0000002C  c_w.l(libinit2.o)
    0x0800029a   0x00000000   Code   RO         6546    .ARM.Collect$$libinit$$0000002E  c_w.l(libinit2.o)
    0x0800029a   0x00000000   Code   RO         6548    .ARM.Collect$$libinit$$00000030  c_w.l(libinit2.o)
    0x0800029a   0x00000000   Code   RO         6550    .ARM.Collect$$libinit$$00000032  c_w.l(libinit2.o)
    0x0800029a   0x00000002   Code   RO         6551    .ARM.Collect$$libinit$$00000033  c_w.l(libinit2.o)
    0x0800029c   0x00000002   Code   RO         6802    .ARM.Collect$$libshutdown$$00000000  c_w.l(libshutdown.o)
    0x0800029e   0x00000000   Code   RO         6762    .ARM.Collect$$libshutdown$$00000003  c_w.l(libshutdown2.o)
    0x0800029e   0x00000000   Code   RO         6765    .ARM.Collect$$libshutdown$$00000006  c_w.l(libshutdown2.o)
    0x0800029e   0x00000000   Code   RO         6768    .ARM.Collect$$libshutdown$$00000009  c_w.l(libshutdown2.o)
    0x0800029e   0x00000000   Code   RO         6770    .ARM.Collect$$libshutdown$$0000000B  c_w.l(libshutdown2.o)
    0x0800029e   0x00000000   Code   RO         6773    .ARM.Collect$$libshutdown$$0000000E  c_w.l(libshutdown2.o)
    0x0800029e   0x00000002   Code   RO         6774    .ARM.Collect$$libshutdown$$0000000F  c_w.l(libshutdown2.o)
    0x080002a0   0x00000000   Code   RO         6419    .ARM.Collect$$rtentry$$00000000  c_w.l(__rtentry.o)
    0x080002a0   0x00000000   Code   RO         6612    .ARM.Collect$$rtentry$$00000002  c_w.l(__rtentry2.o)
    0x080002a0   0x00000006   Code   RO         6624    .ARM.Collect$$rtentry$$00000004  c_w.l(__rtentry4.o)
    0x080002a6   0x00000000   Code   RO         6614    .ARM.Collect$$rtentry$$00000009  c_w.l(__rtentry2.o)
    0x080002a6   0x00000004   Code   RO         6615    .ARM.Collect$$rtentry$$0000000A  c_w.l(__rtentry2.o)
    0x080002aa   0x00000000   Code   RO         6617    .ARM.Collect$$rtentry$$0000000C  c_w.l(__rtentry2.o)
    0x080002aa   0x00000008   Code   RO         6618    .ARM.Collect$$rtentry$$0000000D  c_w.l(__rtentry2.o)
    0x080002b2   0x00000002   Code   RO         6746    .ARM.Collect$$rtexit$$00000000  c_w.l(rtexit.o)
    0x080002b4   0x00000000   Code   RO         6776    .ARM.Collect$$rtexit$$00000002  c_w.l(rtexit2.o)
    0x080002b4   0x00000004   Code   RO         6777    .ARM.Collect$$rtexit$$00000003  c_w.l(rtexit2.o)
    0x080002b8   0x00000006   Code   RO         6778    .ARM.Collect$$rtexit$$00000004  c_w.l(rtexit2.o)
    0x080002be   0x00000002   PAD
    0x080002c0   0x00000096   Code   RO         4681    .emb_text           port.o
    0x08000356   0x00000002   PAD
    0x08000358   0x00000000   Code   RO         6634    .emb_text           c_w.l(maybetermalloc1.o)
    0x08000358   0x00000040   Code   RO         2064  * .text               startup_stm32f10x_hd.o
    0x08000398   0x00000002   Code   RO         6180    .text               c_w.l(use_no_semi_2.o)
    0x0800039a   0x0000005e   Code   RO         6186    .text               c_w.l(h1_alloc.o)
    0x080003f8   0x0000004e   Code   RO         6188    .text               c_w.l(h1_free.o)
    0x08000446   0x00000048   Code   RO         6244    .text               c_w.l(llsdiv.o)
    0x0800048e   0x00000002   PAD
    0x08000490   0x00000034   Code   RO         6246    .text               c_w.l(c89vsnprintf.o)
    0x080004c4   0x00000018   Code   RO         6248    .text               c_w.l(__2printf.o)
    0x080004dc   0x0000002c   Code   RO         6250    .text               c_w.l(__2sprintf.o)
    0x08000508   0x0000004e   Code   RO         6258    .text               c_w.l(_printf_pad.o)
    0x08000556   0x00000052   Code   RO         6260    .text               c_w.l(_printf_str.o)
    0x080005a8   0x00000078   Code   RO         6262    .text               c_w.l(_printf_dec.o)
    0x08000620   0x00000094   Code   RO         6282    .text               c_w.l(_printf_hex_int_ll_ptr.o)
    0x080006b4   0x00000188   Code   RO         6302    .text               c_w.l(__printf_flags_ss_wp.o)
    0x0800083c   0x0000001a   Code   RO         6311    .text               c_w.l(atoi.o)
    0x08000856   0x00000014   Code   RO         6313    .text               c_w.l(strchr.o)
    0x0800086a   0x00000024   Code   RO         6315    .text               c_w.l(strncat.o)
    0x0800088e   0x00000024   Code   RO         6317    .text               c_w.l(strstr.o)
    0x080008b2   0x00000058   Code   RO         6319    .text               c_w.l(memcmp.o)
    0x0800090a   0x0000003e   Code   RO         6323    .text               c_w.l(strlen.o)
    0x08000948   0x0000008a   Code   RO         6327    .text               c_w.l(rt_memcpy_v6.o)
    0x080009d2   0x00000010   Code   RO         6329    .text               c_w.l(aeabi_memset.o)
    0x080009e2   0x00000044   Code   RO         6331    .text               c_w.l(rt_memclr.o)
    0x08000a26   0x00000002   PAD
    0x08000a28   0x00000080   Code   RO         6333    .text               c_w.l(strcmpv7m.o)
    0x08000aa8   0x00000006   Code   RO         6335    .text               c_w.l(heapauxi.o)
    0x08000aae   0x00000002   Code   RO         6415    .text               c_w.l(use_no_semi.o)
    0x08000ab0   0x00000008   Code   RO         6423    .text               c_w.l(rt_heap_descriptor_intlibspace.o)
    0x08000ab8   0x00000008   Code   RO         6428    .text               c_w.l(rt_errno_addr_intlibspace.o)
    0x08000ac0   0x00000004   Code   RO         6430    .text               c_w.l(hguard.o)
    0x08000ac4   0x0000008a   Code   RO         6432    .text               c_w.l(init_alloc.o)
    0x08000b4e   0x0000000e   Code   RO         6436    .text               c_w.l(h1_init.o)
    0x08000b5c   0x000000ee   Code   RO         6450    .text               c_w.l(lludivv7m.o)
    0x08000c4a   0x00000016   Code   RO         6452    .text               c_w.l(_rserrno.o)
    0x08000c60   0x00000024   Code   RO         6454    .text               c_w.l(_printf_truncate.o)
    0x08000c84   0x000000b2   Code   RO         6456    .text               c_w.l(_printf_intcommon.o)
    0x08000d36   0x00000028   Code   RO         6458    .text               c_w.l(_printf_charcount.o)
    0x08000d5e   0x00000002   PAD
    0x08000d60   0x00000030   Code   RO         6460    .text               c_w.l(_printf_char_common.o)
    0x08000d90   0x0000000a   Code   RO         6462    .text               c_w.l(_sputc.o)
    0x08000d9a   0x00000010   Code   RO         6464    .text               c_w.l(_snputc.o)
    0x08000daa   0x0000002c   Code   RO         6466    .text               c_w.l(_printf_char.o)
    0x08000dd6   0x00000002   PAD
    0x08000dd8   0x00000024   Code   RO         6468    .text               c_w.l(_printf_char_file.o)
    0x08000dfc   0x000000bc   Code   RO         6470    .text               c_w.l(_printf_wctomb.o)
    0x08000eb8   0x0000007c   Code   RO         6473    .text               c_w.l(_printf_longlong_dec.o)
    0x08000f34   0x00000070   Code   RO         6479    .text               c_w.l(_printf_oct_int_ll.o)
    0x08000fa4   0x00000070   Code   RO         6499    .text               c_w.l(strtol.o)
    0x08001014   0x00000064   Code   RO         6501    .text               c_w.l(rt_memcpy_w.o)
    0x08001078   0x0000004e   Code   RO         6503    .text               c_w.l(rt_memclr_w.o)
    0x080010c6   0x00000002   PAD
    0x080010c8   0x00000008   Code   RO         6608    .text               c_w.l(libspace.o)
    0x080010d0   0x00000010   Code   RO         6626    .text               c_w.l(rt_ctype_table.o)
    0x080010e0   0x00000034   Code   RO         6636    .text               c_w.l(h1_extend.o)
    0x08001114   0x0000008a   Code   RO         6640    .text               c_w.l(lludiv10.o)
    0x0800119e   0x0000041a   Code   RO         6642    .text               c_w.l(_printf_fp_dec.o)
    0x080015b8   0x0000002c   Code   RO         6646    .text               c_w.l(_printf_wchar.o)
    0x080015e4   0x0000009e   Code   RO         6648    .text               c_w.l(_strtoul.o)
    0x08001682   0x00000008   Code   RO         6650    .text               c_w.l(ferror.o)
    0x0800168a   0x00000040   Code   RO         6654    .text               c_w.l(_wcrtomb.o)
    0x080016ca   0x0000000e   Code   RO         6656    .text               c_w.l(defsig_rtmem_outer.o)
    0x080016d8   0x0000004a   Code   RO         6676    .text               c_w.l(sys_stackheap_outer.o)
    0x08001722   0x00000002   PAD
    0x08001724   0x00000008   Code   RO         6685    .text               c_w.l(rt_locale_intlibspace.o)
    0x0800172c   0x00000080   Code   RO         6689    .text               c_w.l(_printf_fp_infnan.o)
    0x080017ac   0x0000001c   Code   RO         6691    .text               c_w.l(_chval.o)
    0x080017c8   0x000000dc   Code   RO         6693    .text               c_w.l(bigflt0.o)
    0x080018a4   0x0000000c   Code   RO         6724    .text               c_w.l(exit.o)
    0x080018b0   0x0000000a   Code   RO         6726    .text               c_w.l(defsig_exit.o)
    0x080018ba   0x00000002   PAD
    0x080018bc   0x00000050   Code   RO         6728    .text               c_w.l(defsig_rtmem_inner.o)
    0x0800190c   0x00000032   Code   RO         6754    .text               c_w.l(defsig_general.o)
    0x0800193e   0x0000003e   Code   RO         6696    CL$$btod_d2e        c_w.l(btod.o)
    0x0800197c   0x00000046   Code   RO         6698    CL$$btod_d2e_denorm_low  c_w.l(btod.o)
    0x080019c2   0x00000060   Code   RO         6697    CL$$btod_d2e_norm_op1  c_w.l(btod.o)
    0x08001a22   0x00000338   Code   RO         6706    CL$$btod_div_common  c_w.l(btod.o)
    0x08001d5a   0x000000c6   Code   RO         6703    CL$$btod_e2e        c_w.l(btod.o)
    0x08001e20   0x00000028   Code   RO         6700    CL$$btod_ediv       c_w.l(btod.o)
    0x08001e48   0x00000028   Code   RO         6699    CL$$btod_emul       c_w.l(btod.o)
    0x08001e70   0x00000244   Code   RO         6705    CL$$btod_mult_common  c_w.l(btod.o)
    0x080020b4   0x00000002   Code   RO          287    i.BusFault_Handler  stm32f10x_it.o
    0x080020b6   0x0000002a   Code   RO         1069    i.CmdError          sdio_sdcard.o
    0x080020e0   0x00000050   Code   RO         1070    i.CmdResp1Error     sdio_sdcard.o
    0x08002130   0x00000048   Code   RO         1071    i.CmdResp2Error     sdio_sdcard.o
    0x08002178   0x00000030   Code   RO         1072    i.CmdResp3Error     sdio_sdcard.o
    0x080021a8   0x00000078   Code   RO         1073    i.CmdResp6Error     sdio_sdcard.o
    0x08002220   0x0000003c   Code   RO         1074    i.CmdResp7Error     sdio_sdcard.o
    0x0800225c   0x00000064   Code   RO          666    i.DHT11_Check       dht11.o
    0x080022c0   0x00000040   Code   RO          667    i.DHT11_Init        dht11.o
    0x08002300   0x0000004c   Code   RO          668    i.DHT11_Read_Bit    dht11.o
    0x0800234c   0x0000001a   Code   RO          669    i.DHT11_Read_Byte   dht11.o
    0x08002366   0x00000050   Code   RO          670    i.DHT11_Read_Data   dht11.o
    0x080023b6   0x00000002   PAD
    0x080023b8   0x0000003c   Code   RO          671    i.DHT11_Rst         dht11.o
    0x080023f4   0x00000016   Code   RO         3661    i.DMA_Cmd           stm32f10x_dma.o
    0x0800240a   0x00000002   PAD
    0x0800240c   0x000000e4   Code   RO         3662    i.DMA_DeInit        stm32f10x_dma.o
    0x080024f0   0x0000003a   Code   RO         3667    i.DMA_Init          stm32f10x_dma.o
    0x0800252a   0x00000002   Code   RO          288    i.DebugMon_Handler  stm32f10x_it.o
    0x0800252c   0x0000001c   Code   RO         6027    i.EDP_DeleteBuffer  edpkit.o
    0x08002548   0x00000052   Code   RO         6028    i.EDP_NewBuffer     edpkit.o
    0x0800259a   0x00000002   PAD
    0x0800259c   0x000000e8   Code   RO         6030    i.EDP_PacketConnect1  edpkit.o
    0x08002684   0x0000002c   Code   RO         6032    i.EDP_PacketPing    edpkit.o
    0x080026b0   0x00000182   Code   RO         6034    i.EDP_PacketSaveData  edpkit.o
    0x08002832   0x00000004   Code   RO         6036    i.EDP_UnPacketConnectRsp  edpkit.o
    0x08002836   0x00000004   Code   RO         6038    i.EDP_UnPacketRecv  edpkit.o
    0x0800283a   0x00000002   PAD
    0x0800283c   0x0000001c   Code   RO         6120    i.ESP8266_Clear     esp8266.o
    0x08002858   0x00000040   Code   RO         6121    i.ESP8266_GetIPD    esp8266.o
    0x08002898   0x000001d0   Code   RO         6122    i.ESP8266_Init      esp8266.o
    0x08002a68   0x00000048   Code   RO         6123    i.ESP8266_SendCmd   esp8266.o
    0x08002ab0   0x00000048   Code   RO         6124    i.ESP8266_SendData  esp8266.o
    0x08002af8   0x00000020   Code   RO         6125    i.ESP8266_WaitRecive  esp8266.o
    0x08002b18   0x000001b4   Code   RO         6126    i.ESP8266_rejoin    esp8266.o
    0x08002ccc   0x00000038   Code   RO          708    i.EXTI0_IRQHandler  exti.o
    0x08002d04   0x00000038   Code   RO          709    i.EXTI2_IRQHandler  exti.o
    0x08002d3c   0x00000038   Code   RO          710    i.EXTI3_IRQHandler  exti.o
    0x08002d74   0x00000038   Code   RO          711    i.EXTI4_IRQHandler  exti.o
    0x08002dac   0x00000042   Code   RO          712    i.EXTI8_Init        exti.o
    0x08002dee   0x00000002   PAD
    0x08002df0   0x00000048   Code   RO          713    i.EXTI9_5_IRQHandler  exti.o
    0x08002e38   0x0000000c   Code   RO         3276    i.EXTI_ClearITPendingBit  stm32f10x_exti.o
    0x08002e44   0x00000020   Code   RO         3280    i.EXTI_GetITStatus  stm32f10x_exti.o
    0x08002e64   0x00000070   Code   RO         3281    i.EXTI_Init         stm32f10x_exti.o
    0x08002ed4   0x00000020   Code   RO         3166    i.FSMC_NORSRAMCmd   stm32f10x_fsmc.o
    0x08002ef4   0x000000c8   Code   RO         3168    i.FSMC_NORSRAMInit  stm32f10x_fsmc.o
    0x08002fbc   0x00000138   Code   RO         1075    i.FindSCR           sdio_sdcard.o
    0x080030f4   0x00000028   Code   RO         2107    i.GPIO_EXTILineConfig  stm32f10x_gpio.o
    0x0800311c   0x0000009c   Code   RO         2110    i.GPIO_Init         stm32f10x_gpio.o
    0x080031b8   0x00000058   Code   RO         2112    i.GPIO_PinRemapConfig  stm32f10x_gpio.o
    0x08003210   0x0000000e   Code   RO         2114    i.GPIO_ReadInputDataBit  stm32f10x_gpio.o
    0x0800321e   0x00000004   Code   RO         2118    i.GPIO_SetBits      stm32f10x_gpio.o
    0x08003222   0x0000000a   Code   RO         2121    i.GPIO_WriteBit     stm32f10x_gpio.o
    0x0800322c   0x0000008c   Code   RO         5795    i.Get_HzMat         text.o
    0x080032b8   0x00000002   Code   RO          289    i.HardFault_Handler  stm32f10x_it.o
    0x080032ba   0x00000004   Code   RO         1948    i.INTX_DISABLE      sys.o
    0x080032be   0x00000004   Code   RO         1949    i.INTX_ENABLE       sys.o
    0x080032c2   0x00000002   PAD
    0x080032c4   0x0000008c   Code   RO         1076    i.IsCardProgramming  sdio_sdcard.o
    0x08003350   0x0000003c   Code   RO          759    i.KEY_Init          key.o
    0x0800338c   0x00000030   Code   RO          451    i.LCD_Clear         lcd.o
    0x080033bc   0x000000b8   Code   RO          455    i.LCD_Display_Dir   lcd.o
    0x08003474   0x000000ac   Code   RO          460    i.LCD_Fast_DrawPoint  lcd.o
    0x08003520   0x00000048   Code   RO          461    i.LCD_Fill          lcd.o
    0x08003568   0x00001e48   Code   RO          462    i.LCD_Init          lcd.o
    0x080053b0   0x00000010   Code   RO          463    i.LCD_Pow           lcd.o
    0x080053c0   0x00000014   Code   RO          464    i.LCD_RD_DATA       lcd.o
    0x080053d4   0x00000068   Code   RO          465    i.LCD_ReadPoint     lcd.o
    0x0800543c   0x0000003c   Code   RO          467    i.LCD_SSD_BackLightSet  lcd.o
    0x08005478   0x00000144   Code   RO          468    i.LCD_Scan_Dir      lcd.o
    0x080055bc   0x000000b4   Code   RO          469    i.LCD_SetCursor     lcd.o
    0x08005670   0x00000130   Code   RO          470    i.LCD_Set_Window    lcd.o
    0x080057a0   0x000000a8   Code   RO            1    i.LCD_Show          main.o
    0x08005848   0x000000cc   Code   RO          471    i.LCD_ShowChar      lcd.o
    0x08005914   0x00000078   Code   RO          472    i.LCD_ShowNum       lcd.o
    0x0800598c   0x00000054   Code   RO          473    i.LCD_ShowString    lcd.o
    0x080059e0   0x00000014   Code   RO          478    i.LCD_WriteRAM_Prepare  lcd.o
    0x080059f4   0x00000010   Code   RO          479    i.LCD_WriteReg      lcd.o
    0x08005a04   0x00000050   Code   RO          387    i.LED_Init          led.o
    0x08005a54   0x00000040   Code   RO         1342    i.MPU_IIC_Ack       mpuiic.o
    0x08005a94   0x00000034   Code   RO         1344    i.MPU_IIC_Init      mpuiic.o
    0x08005ac8   0x00000040   Code   RO         1345    i.MPU_IIC_NAck      mpuiic.o
    0x08005b08   0x0000006c   Code   RO         1346    i.MPU_IIC_Read_Byte  mpuiic.o
    0x08005b74   0x00000058   Code   RO         1347    i.MPU_IIC_Send_Byte  mpuiic.o
    0x08005bcc   0x00000040   Code   RO         1348    i.MPU_IIC_Start     mpuiic.o
    0x08005c0c   0x00000044   Code   RO         1349    i.MPU_IIC_Stop      mpuiic.o
    0x08005c50   0x00000058   Code   RO         1350    i.MPU_IIC_Wait_Ack  mpuiic.o
    0x08005ca8   0x00000076   Code   RO         1268    i.MPU_Init          mpu6050.o
    0x08005d1e   0x0000003a   Code   RO         1269    i.MPU_Read_Byte     mpu6050.o
    0x08005d58   0x0000006a   Code   RO         1270    i.MPU_Read_Len      mpu6050.o
    0x08005dc2   0x0000000a   Code   RO         1271    i.MPU_Set_Accel_Fsr  mpu6050.o
    0x08005dcc   0x0000000a   Code   RO         1272    i.MPU_Set_Gyro_Fsr  mpu6050.o
    0x08005dd6   0x00000030   Code   RO         1273    i.MPU_Set_LPF       mpu6050.o
    0x08005e06   0x0000002e   Code   RO         1274    i.MPU_Set_Rate      mpu6050.o
    0x08005e34   0x0000003c   Code   RO         1275    i.MPU_Write_Byte    mpu6050.o
    0x08005e70   0x00000052   Code   RO         1276    i.MPU_Write_Len     mpu6050.o
    0x08005ec2   0x00000002   Code   RO          290    i.MemManage_Handler  stm32f10x_it.o
    0x08005ec4   0x00000002   Code   RO          291    i.NMI_Handler       stm32f10x_it.o
    0x08005ec6   0x00000002   PAD
    0x08005ec8   0x00000064   Code   RO         2068    i.NVIC_Init         misc.o
    0x08005f2c   0x00000014   Code   RO         2069    i.NVIC_PriorityGroupConfig  misc.o
    0x08005f40   0x0000006e   Code   RO          784    i.OV7670_Window_Set  ov7670.o
    0x08005fae   0x00000002   PAD
    0x08005fb0   0x0000015c   Code   RO          891    i.OV7725_Init       ov7725.o
    0x0800610c   0x00000146   Code   RO          894    i.OV7725_Window_Set  ov7725.o
    0x08006252   0x00000002   PAD
    0x08006254   0x000000fc   Code   RO            2    i.OV7725_camera_refresh  main.o
    0x08006350   0x00000290   Code   RO         5963    i.OneNet_DevLink    onenet.o
    0x080065e0   0x00000040   Code   RO         5965    i.OneNet_Ping       onenet.o
    0x08006620   0x000000ec   Code   RO         5966    i.OneNet_RevPro     onenet.o
    0x0800670c   0x00000014   Code   RO         5967    i.OneNet_SendData   onenet.o
    0x08006720   0x00000164   Code   RO         5968    i.OneNet_SendData_Picture  onenet.o
    0x08006884   0x00000420   Code   RO            3    i.Photograph        main.o
    0x08006ca4   0x00000018   Code   RO         2243    i.RCC_AHBPeriphClockCmd  stm32f10x_rcc.o
    0x08006cbc   0x00000018   Code   RO         2244    i.RCC_APB1PeriphClockCmd  stm32f10x_rcc.o
    0x08006cd4   0x00000018   Code   RO         2246    i.RCC_APB2PeriphClockCmd  stm32f10x_rcc.o
    0x08006cec   0x00000094   Code   RO         2254    i.RCC_GetClocksFreq  stm32f10x_rcc.o
    0x08006d80   0x0000006c   Code   RO          835    i.SCCB_Init         sccb.o
    0x08006dec   0x00000044   Code   RO          836    i.SCCB_No_Ack       sccb.o
    0x08006e30   0x00000074   Code   RO          837    i.SCCB_RD_Byte      sccb.o
    0x08006ea4   0x0000004c   Code   RO          838    i.SCCB_RD_Reg       sccb.o
    0x08006ef0   0x00000034   Code   RO          839    i.SCCB_Start        sccb.o
    0x08006f24   0x00000038   Code   RO          840    i.SCCB_Stop         sccb.o
    0x08006f5c   0x00000090   Code   RO          841    i.SCCB_WR_Byte      sccb.o
    0x08006fec   0x0000003e   Code   RO          842    i.SCCB_WR_Reg       sccb.o
    0x0800702a   0x00000002   PAD
    0x0800702c   0x0000008c   Code   RO         1077    i.SDEnWideBus       sdio_sdcard.o
    0x080070b8   0x0000000c   Code   RO         3474    i.SDIO_ClearFlag    stm32f10x_sdio.o
    0x080070c4   0x0000000c   Code   RO         3476    i.SDIO_ClockCmd     stm32f10x_sdio.o
    0x080070d0   0x00000014   Code   RO         1078    i.SDIO_Clock_Set    sdio_sdcard.o
    0x080070e4   0x0000000c   Code   RO         3479    i.SDIO_DMACmd       stm32f10x_sdio.o
    0x080070f0   0x0000002c   Code   RO         3480    i.SDIO_DataConfig   stm32f10x_sdio.o
    0x0800711c   0x00000024   Code   RO         3482    i.SDIO_DeInit       stm32f10x_sdio.o
    0x08007140   0x00000014   Code   RO         3486    i.SDIO_GetFlagStatus  stm32f10x_sdio.o
    0x08007154   0x00000010   Code   RO         3488    i.SDIO_GetPowerState  stm32f10x_sdio.o
    0x08007164   0x00000004   Code   RO         1079    i.SDIO_IRQHandler   sdio_sdcard.o
    0x08007168   0x0000002c   Code   RO         3491    i.SDIO_Init         stm32f10x_sdio.o
    0x08007194   0x0000000c   Code   RO         3492    i.SDIO_ReadData     stm32f10x_sdio.o
    0x080071a0   0x00000028   Code   RO         3494    i.SDIO_SendCommand  stm32f10x_sdio.o
    0x080071c8   0x00000018   Code   RO         3496    i.SDIO_SetPowerState  stm32f10x_sdio.o
    0x080071e0   0x0000000c   Code   RO         3502    i.SDIO_WriteData    stm32f10x_sdio.o
    0x080071ec   0x00000060   Code   RO         1080    i.SD_DMA_Config     sdio_sdcard.o
    0x0800724c   0x0000004c   Code   RO         1081    i.SD_EnableWideBusOperation  sdio_sdcard.o
    0x08007298   0x00000218   Code   RO         1082    i.SD_GetCardInfo    sdio_sdcard.o
    0x080074b0   0x000000e0   Code   RO         1084    i.SD_Init           sdio_sdcard.o
    0x08007590   0x00000114   Code   RO         1085    i.SD_InitializeCards  sdio_sdcard.o
    0x080076a4   0x0000019c   Code   RO         1087    i.SD_PowerON        sdio_sdcard.o
    0x08007840   0x000000e8   Code   RO         1088    i.SD_ProcessIRQSrc  sdio_sdcard.o
    0x08007928   0x000001f8   Code   RO         1089    i.SD_ReadBlock      sdio_sdcard.o
    0x08007b20   0x00000078   Code   RO         1090    i.SD_ReadDisk       sdio_sdcard.o
    0x08007b98   0x00000260   Code   RO         1091    i.SD_ReadMultiBlocks  sdio_sdcard.o
    0x08007df8   0x0000002c   Code   RO         1092    i.SD_SelectDeselect  sdio_sdcard.o
    0x08007e24   0x00000018   Code   RO         1094    i.SD_SetDeviceMode  sdio_sdcard.o
    0x08007e3c   0x000002cc   Code   RO         1095    i.SD_WriteBlock     sdio_sdcard.o
    0x08008108   0x00000070   Code   RO         1096    i.SD_WriteDisk      sdio_sdcard.o
    0x08008178   0x000002e4   Code   RO         1097    i.SD_WriteMultiBlocks  sdio_sdcard.o
    0x0800845c   0x00000094   Code   RO          942    i.SPI2_Init         spi.o
    0x080084f0   0x00000050   Code   RO          943    i.SPI2_ReadWriteByte  spi.o
    0x08008540   0x0000001c   Code   RO          944    i.SPI2_SetSpeed     spi.o
    0x0800855c   0x00000014   Code   RO         3334    i.SPI_Cmd           stm32f10x_spi.o
    0x08008570   0x0000000e   Code   RO         3342    i.SPI_I2S_GetFlagStatus  stm32f10x_spi.o
    0x0800857e   0x00000004   Code   RO         3345    i.SPI_I2S_ReceiveData  stm32f10x_spi.o
    0x08008582   0x00000004   Code   RO         3346    i.SPI_I2S_SendData  stm32f10x_spi.o
    0x08008586   0x00000038   Code   RO         3347    i.SPI_Init          stm32f10x_spi.o
    0x080085be   0x00000002   PAD
    0x080085c0   0x00000084   Code   RO            4    i.SendData          main.o
    0x08008644   0x000000a8   Code   RO          358    i.SetSysClockTo72   system_stm32f10x.o
    0x080086ec   0x000000a4   Code   RO         5796    i.Show_Font         text.o
    0x08008790   0x000000ae   Code   RO         5797    i.Show_Str          text.o
    0x0800883e   0x00000018   Code   RO         2072    i.SysTick_CLKSourceConfig  misc.o
    0x08008856   0x00000014   Code   RO         1899    i.SysTick_Handler   delay.o
    0x0800886a   0x00000002   PAD
    0x0800886c   0x00000050   Code   RO          360    i.SystemInit        system_stm32f10x.o
    0x080088bc   0x0000003c   Code   RO          405    i.TIM3_IRQHandler   timer.o
    0x080088f8   0x0000003c   Code   RO         4758    i.TIM4_IRQHandler   usmart.o
    0x08008934   0x0000003c   Code   RO          407    i.TIM5_IRQHandler   timer.o
    0x08008970   0x00000040   Code   RO          409    i.TIM6_IRQHandler   timer.o
    0x080089b0   0x00000060   Code   RO          410    i.TIM6_Int_Init     timer.o
    0x08008a10   0x00000006   Code   RO         2630    i.TIM_ClearFlag     stm32f10x_tim.o
    0x08008a16   0x00000006   Code   RO         2631    i.TIM_ClearITPendingBit  stm32f10x_tim.o
    0x08008a1c   0x00000014   Code   RO         2636    i.TIM_Cmd           stm32f10x_tim.o
    0x08008a30   0x00000004   Code   RO         2655    i.TIM_GetCounter    stm32f10x_tim.o
    0x08008a34   0x0000000e   Code   RO         2656    i.TIM_GetFlagStatus  stm32f10x_tim.o
    0x08008a42   0x00000018   Code   RO         2657    i.TIM_GetITStatus   stm32f10x_tim.o
    0x08008a5a   0x00000010   Code   RO         2661    i.TIM_ITConfig      stm32f10x_tim.o
    0x08008a6a   0x00000004   Code   RO         2695    i.TIM_SetAutoreload  stm32f10x_tim.o
    0x08008a6e   0x00000004   Code   RO         2701    i.TIM_SetCounter    stm32f10x_tim.o
    0x08008a72   0x00000002   PAD
    0x08008a74   0x0000009c   Code   RO         2707    i.TIM_TimeBaseInit  stm32f10x_tim.o
    0x08008b10   0x00000060   Code   RO         4759    i.Timer4_Init       usmart.o
    0x08008b70   0x00000064   Code   RO         1976    i.USART1_IRQHandler  usart.o
    0x08008bd4   0x00000048   Code   RO         6127    i.USART3_IRQHandler  esp8266.o
    0x08008c1c   0x00000006   Code   RO         2442    i.USART_ClearFlag   stm32f10x_usart.o
    0x08008c22   0x00000014   Code   RO         2446    i.USART_Cmd         stm32f10x_usart.o
    0x08008c36   0x0000000e   Code   RO         2449    i.USART_GetFlagStatus  stm32f10x_usart.o
    0x08008c44   0x0000003e   Code   RO         2450    i.USART_GetITStatus  stm32f10x_usart.o
    0x08008c82   0x00000030   Code   RO         2452    i.USART_ITConfig    stm32f10x_usart.o
    0x08008cb2   0x00000002   PAD
    0x08008cb4   0x000000ac   Code   RO         2453    i.USART_Init        stm32f10x_usart.o
    0x08008d60   0x00000008   Code   RO         2460    i.USART_ReceiveData  stm32f10x_usart.o
    0x08008d68   0x00000008   Code   RO         2463    i.USART_SendData    stm32f10x_usart.o
    0x08008d70   0x00000002   Code   RO          292    i.UsageFault_Handler  stm32f10x_it.o
    0x08008d72   0x00000002   PAD
    0x08008d74   0x000000ac   Code   RO         1977    i.Usart3_Init       usart.o
    0x08008e20   0x0000003c   Code   RO         1978    i.UsartPrintf       usart.o
    0x08008e5c   0x00000030   Code   RO         1979    i.Usart_SendString  usart.o
    0x08008e8c   0x00000058   Code   RO          970    i.W25QXX_Erase_Sector  w25qxx.o
    0x08008ee4   0x00000058   Code   RO          971    i.W25QXX_Init       w25qxx.o
    0x08008f3c   0x00000050   Code   RO          973    i.W25QXX_Read       w25qxx.o
    0x08008f8c   0x00000044   Code   RO          974    i.W25QXX_ReadID     w25qxx.o
    0x08008fd0   0x00000024   Code   RO          975    i.W25QXX_ReadSR     w25qxx.o
    0x08008ff4   0x0000000c   Code   RO          977    i.W25QXX_Wait_Busy  w25qxx.o
    0x08009000   0x0000009c   Code   RO          978    i.W25QXX_Write      w25qxx.o
    0x0800909c   0x00000020   Code   RO          980    i.W25QXX_Write_Enable  w25qxx.o
    0x080090bc   0x0000003e   Code   RO          981    i.W25QXX_Write_NoCheck  w25qxx.o
    0x080090fa   0x00000002   PAD
    0x080090fc   0x00000058   Code   RO          982    i.W25QXX_Write_Page  w25qxx.o
    0x08009154   0x0000002a   Code   RO         6040    i.WriteRemainlen    edpkit.o
    0x0800917e   0x00000028   Code   RO         6593    i.__ARM_fpclassify  m_ws.l(fpclassify.o)
    0x080091a6   0x000000aa   Code   RO         6595    i.__kernel_poly     m_ws.l(poly.o)
    0x08009250   0x00000006   Code   RO         6580    i.__mathlib_dbl_infnan  m_ws.l(dunder.o)
    0x08009256   0x00000004   Code   RO         6581    i.__mathlib_dbl_infnan2  m_ws.l(dunder.o)
    0x0800925a   0x0000000c   Code   RO         6582    i.__mathlib_dbl_invalid  m_ws.l(dunder.o)
    0x08009266   0x00000002   PAD
    0x08009268   0x00000010   Code   RO         6585    i.__mathlib_dbl_underflow  m_ws.l(dunder.o)
    0x08009278   0x0000000e   Code   RO         6295    i._is_digit         c_w.l(__printf_wp.o)
    0x08009286   0x00000002   Code   RO         1980    i._sys_exit         usart.o
    0x08009288   0x00000002   Code   RO         1981    i._ttywrch          usart.o
    0x0800928a   0x00000002   PAD
    0x0800928c   0x0000007c   Code   RO         1402    i.accel_self_test   inv_mpu.o
    0x08009308   0x00000270   Code   RO         6398    i.asin              m_ws.l(asin.o)
    0x08009578   0x00000220   Code   RO         6570    i.atan              m_ws.l(atan.o)
    0x08009798   0x00000180   Code   RO         6408    i.atan2             m_ws.l(atan2.o)
    0x08009918   0x000001a8   Code   RO         5429    i.bmp_encode        bmp.o
    0x08009ac0   0x00000020   Code   RO            5    i.camera_new_pathname  main.o
    0x08009ae0   0x0000005c   Code   RO         4975    i.check_fs          ff.o
    0x08009b3c   0x00000010   Code   RO         4976    i.chk_chr           ff.o
    0x08009b4c   0x00000024   Code   RO         4977    i.clmt_clust        ff.o
    0x08009b70   0x00000018   Code   RO         4978    i.clust2sect        ff.o
    0x08009b88   0x00000012   Code   RO         1098    i.convert_from_bytes_to_power_of_two  sdio_sdcard.o
    0x08009b9a   0x0000009e   Code   RO         4979    i.create_chain      ff.o
    0x08009c38   0x00000218   Code   RO         4980    i.create_name       ff.o
    0x08009e50   0x00000048   Code   RO         1900    i.delay_init        delay.o
    0x08009e98   0x00000038   Code   RO         1901    i.delay_ms          delay.o
    0x08009ed0   0x00000034   Code   RO         1902    i.delay_us          delay.o
    0x08009f04   0x00000042   Code   RO         4981    i.dir_alloc         ff.o
    0x08009f46   0x00000002   PAD
    0x08009f48   0x0000012c   Code   RO         4982    i.dir_find          ff.o
    0x0800a074   0x000000e6   Code   RO         4983    i.dir_next          ff.o
    0x0800a15a   0x00000002   PAD
    0x0800a15c   0x00000164   Code   RO         4985    i.dir_register      ff.o
    0x0800a2c0   0x0000007c   Code   RO         4987    i.dir_sdi           ff.o
    0x0800a33c   0x00000028   Code   RO         4915    i.disk_initialize   diskio.o
    0x0800a364   0x00000074   Code   RO         4916    i.disk_ioctl        diskio.o
    0x0800a3d8   0x0000004c   Code   RO         4917    i.disk_read         diskio.o
    0x0800a424   0x00000004   Code   RO         4918    i.disk_status       diskio.o
    0x0800a428   0x0000004c   Code   RO         4919    i.disk_write        diskio.o
    0x0800a474   0x0000003a   Code   RO         1726    i.dmp_enable_6x_lp_quat  inv_mpu_dmp_motion_driver.o
    0x0800a4ae   0x00000002   PAD
    0x0800a4b0   0x000001dc   Code   RO         1727    i.dmp_enable_feature  inv_mpu_dmp_motion_driver.o
    0x0800a68c   0x00000038   Code   RO         1728    i.dmp_enable_gyro_cal  inv_mpu_dmp_motion_driver.o
    0x0800a6c4   0x0000003a   Code   RO         1729    i.dmp_enable_lp_quat  inv_mpu_dmp_motion_driver.o
    0x0800a6fe   0x00000002   PAD
    0x0800a700   0x00000014   Code   RO         1734    i.dmp_load_motion_driver_firmware  inv_mpu_dmp_motion_driver.o
    0x0800a714   0x00000148   Code   RO         1735    i.dmp_read_fifo     inv_mpu_dmp_motion_driver.o
    0x0800a85c   0x000000d8   Code   RO         1738    i.dmp_set_accel_bias  inv_mpu_dmp_motion_driver.o
    0x0800a934   0x00000064   Code   RO         1739    i.dmp_set_fifo_rate  inv_mpu_dmp_motion_driver.o
    0x0800a998   0x000000cc   Code   RO         1740    i.dmp_set_gyro_bias  inv_mpu_dmp_motion_driver.o
    0x0800aa64   0x0000010c   Code   RO         1742    i.dmp_set_orientation  inv_mpu_dmp_motion_driver.o
    0x0800ab70   0x00000030   Code   RO         1745    i.dmp_set_shake_reject_thresh  inv_mpu_dmp_motion_driver.o
    0x0800aba0   0x00000020   Code   RO         1746    i.dmp_set_shake_reject_time  inv_mpu_dmp_motion_driver.o
    0x0800abc0   0x00000020   Code   RO         1747    i.dmp_set_shake_reject_timeout  inv_mpu_dmp_motion_driver.o
    0x0800abe0   0x00000040   Code   RO         1748    i.dmp_set_tap_axes  inv_mpu_dmp_motion_driver.o
    0x0800ac20   0x00000022   Code   RO         1749    i.dmp_set_tap_count  inv_mpu_dmp_motion_driver.o
    0x0800ac42   0x00000002   PAD
    0x0800ac44   0x00000128   Code   RO         1750    i.dmp_set_tap_thresh  inv_mpu_dmp_motion_driver.o
    0x0800ad6c   0x00000020   Code   RO         1751    i.dmp_set_tap_time  inv_mpu_dmp_motion_driver.o
    0x0800ad8c   0x00000020   Code   RO         1752    i.dmp_set_tap_time_multi  inv_mpu_dmp_motion_driver.o
    0x0800adac   0x00000064   Code   RO         5298    i.exfuns_init       exfuns.o
    0x0800ae10   0x0000001c   Code   RO         4989    i.f_close           ff.o
    0x0800ae2c   0x00000180   Code   RO         4995    i.f_mkdir           ff.o
    0x0800afac   0x0000004c   Code   RO         4997    i.f_mount           ff.o
    0x0800aff8   0x00000158   Code   RO         4998    i.f_open            ff.o
    0x0800b150   0x00000148   Code   RO         5003    i.f_read            ff.o
    0x0800b298   0x00000098   Code   RO         5008    i.f_sync            ff.o
    0x0800b330   0x00000180   Code   RO         5012    i.f_write           ff.o
    0x0800b4b0   0x00000070   Code   RO         5341    i.ff_convert        mycc936.o
    0x0800b520   0x00000008   Code   RO         4920    i.ff_memalloc       diskio.o
    0x0800b528   0x00000008   Code   RO         4921    i.ff_memfree        diskio.o
    0x0800b530   0x00000024   Code   RO         5342    i.ff_wtoupper       mycc936.o
    0x0800b554   0x00000238   Code   RO         5013    i.find_volume       ff.o
    0x0800b78c   0x00000066   Code   RO         5014    i.follow_path       ff.o
    0x0800b7f2   0x00000002   PAD
    0x0800b7f4   0x00000040   Code   RO         5756    i.font_init         fontupd.o
    0x0800b834   0x00000018   Code   RO         1982    i.fputc             usart.o
    0x0800b84c   0x0000008c   Code   RO         5015    i.gen_numname       ff.o
    0x0800b8d8   0x000000a8   Code   RO         1403    i.get_accel_prod_shift  inv_mpu.o
    0x0800b980   0x000000be   Code   RO         5016    i.get_fat           ff.o
    0x0800ba3e   0x00000004   Code   RO         4922    i.get_fattime       diskio.o
    0x0800ba42   0x0000003c   Code   RO         5018    i.get_ldnumber      ff.o
    0x0800ba7e   0x00000002   PAD
    0x0800ba80   0x00000314   Code   RO         1404    i.get_st_biases     inv_mpu.o
    0x0800bd94   0x000000d8   Code   RO         1405    i.gyro_self_test    inv_mpu.o
    0x0800be6c   0x00000022   Code   RO         1406    i.inv_orientation_matrix_to_scalar  inv_mpu.o
    0x0800be8e   0x00000048   Code   RO         1407    i.inv_row_2_scale   inv_mpu.o
    0x0800bed6   0x00000012   Code   RO         5019    i.ld_clust          ff.o
    0x0800bee8   0x00000098   Code   RO            6    i.main              main.o
    0x0800bf80   0x00000010   Code   RO         5020    i.mem_cpy           ff.o
    0x0800bf90   0x0000000e   Code   RO         5021    i.mem_set           ff.o
    0x0800bf9e   0x00000002   Code   RO         1408    i.mget_ms           inv_mpu.o
    0x0800bfa0   0x00000032   Code   RO         5022    i.move_window       ff.o
    0x0800bfd2   0x00000002   PAD
    0x0800bfd4   0x00000058   Code   RO         1409    i.mpu_configure_fifo  inv_mpu.o
    0x0800c02c   0x0000019c   Code   RO         1410    i.mpu_dmp_get_data  inv_mpu.o
    0x0800c1c8   0x000000a4   Code   RO         1411    i.mpu_dmp_init      inv_mpu.o
    0x0800c26c   0x0000003c   Code   RO         1412    i.mpu_get_accel_fsr  inv_mpu.o
    0x0800c2a8   0x00000044   Code   RO         1414    i.mpu_get_accel_sens  inv_mpu.o
    0x0800c2ec   0x00000034   Code   RO         1420    i.mpu_get_gyro_fsr  inv_mpu.o
    0x0800c320   0x00000040   Code   RO         1422    i.mpu_get_gyro_sens  inv_mpu.o
    0x0800c360   0x00000038   Code   RO         1424    i.mpu_get_lpf       inv_mpu.o
    0x0800c398   0x0000001c   Code   RO         1426    i.mpu_get_sample_rate  inv_mpu.o
    0x0800c3b4   0x00000188   Code   RO         1428    i.mpu_init          inv_mpu.o
    0x0800c53c   0x000000a4   Code   RO         1429    i.mpu_load_firmware  inv_mpu.o
    0x0800c5e0   0x000000b8   Code   RO         1430    i.mpu_lp_accel_mode  inv_mpu.o
    0x0800c698   0x00000090   Code   RO         1433    i.mpu_read_fifo_stream  inv_mpu.o
    0x0800c728   0x00000054   Code   RO         1434    i.mpu_read_mem      inv_mpu.o
    0x0800c77c   0x0000015c   Code   RO         1437    i.mpu_reset_fifo    inv_mpu.o
    0x0800c8d8   0x000000f0   Code   RO         1438    i.mpu_run_self_test  inv_mpu.o
    0x0800c9c8   0x00000068   Code   RO         1440    i.mpu_set_accel_fsr  inv_mpu.o
    0x0800ca30   0x000000dc   Code   RO         1441    i.mpu_set_bypass    inv_mpu.o
    0x0800cb0c   0x00000078   Code   RO         1443    i.mpu_set_dmp_state  inv_mpu.o
    0x0800cb84   0x0000006c   Code   RO         1444    i.mpu_set_gyro_fsr  inv_mpu.o
    0x0800cbf0   0x00000064   Code   RO         1445    i.mpu_set_int_latched  inv_mpu.o
    0x0800cc54   0x0000006c   Code   RO         1447    i.mpu_set_lpf       inv_mpu.o
    0x0800ccc0   0x00000078   Code   RO         1448    i.mpu_set_sample_rate  inv_mpu.o
    0x0800cd38   0x000000b8   Code   RO         1449    i.mpu_set_sensors   inv_mpu.o
    0x0800cdf0   0x00000054   Code   RO         1450    i.mpu_write_mem     inv_mpu.o
    0x0800ce44   0x00000058   Code   RO         5360    i.my_mem_free       malloc.o
    0x0800ce9c   0x0000003c   Code   RO         5361    i.my_mem_init       malloc.o
    0x0800ced8   0x0000008c   Code   RO         5362    i.my_mem_malloc     malloc.o
    0x0800cf64   0x00000038   Code   RO         5363    i.my_mem_perused    malloc.o
    0x0800cf9c   0x00000018   Code   RO         5364    i.myfree            malloc.o
    0x0800cfb4   0x00000020   Code   RO         5365    i.mymalloc          malloc.o
    0x0800cfd4   0x0000000c   Code   RO         5367    i.mymemset          malloc.o
    0x0800cfe0   0x00000008   Code   RO         5584    i.pic_memalloc      piclib.o
    0x0800cfe8   0x00000008   Code   RO         5585    i.pic_memfree       piclib.o
    0x0800cff0   0x00000070   Code   RO         4139    i.prvAddCurrentTaskToDelayedList  tasks.o
    0x0800d060   0x000000d0   Code   RO         4140    i.prvAddNewTaskToReadyList  tasks.o
    0x0800d130   0x00000058   Code   RO         4501    i.prvCheckForValidListAndQueue  timers.o
    0x0800d188   0x00000054   Code   RO         4141    i.prvCheckTasksWaitingTermination  tasks.o
    0x0800d1dc   0x00000026   Code   RO         3890    i.prvCopyDataFromQueue  queue.o
    0x0800d202   0x0000006c   Code   RO         3891    i.prvCopyDataToQueue  queue.o
    0x0800d26e   0x00000002   PAD
    0x0800d270   0x00000058   Code   RO         4142    i.prvDeleteTCB      tasks.o
    0x0800d2c8   0x00000028   Code   RO         4143    i.prvIdleTask       tasks.o
    0x0800d2f0   0x00000024   Code   RO         3893    i.prvInitialiseNewQueue  queue.o
    0x0800d314   0x000000c0   Code   RO         4144    i.prvInitialiseNewTask  tasks.o
    0x0800d3d4   0x0000004c   Code   RO         4633    i.prvInsertBlockIntoFreeList  heap_4.o
    0x0800d420   0x00000038   Code   RO         4503    i.prvInsertTimerInActiveList  timers.o
    0x0800d458   0x0000001a   Code   RO         3894    i.prvIsQueueEmpty   queue.o
    0x0800d472   0x00000002   PAD
    0x0800d474   0x00000090   Code   RO         3895    i.prvNotifyQueueSetContainer  queue.o
    0x0800d504   0x00000060   Code   RO         4504    i.prvProcessExpiredTimer  timers.o
    0x0800d564   0x000000f8   Code   RO         4505    i.prvProcessReceivedCommands  timers.o
    0x0800d65c   0x0000006c   Code   RO         4506    i.prvProcessTimerOrBlockTask  timers.o
    0x0800d6c8   0x00000020   Code   RO         4146    i.prvResetNextTaskUnblockTime  tasks.o
    0x0800d6e8   0x00000028   Code   RO         4507    i.prvSampleTimeNow  timers.o
    0x0800d710   0x00000090   Code   RO         4508    i.prvSwitchTimerLists  timers.o
    0x0800d7a0   0x00000064   Code   RO         4682    i.prvTaskExitError  port.o
    0x0800d804   0x00000028   Code   RO         4509    i.prvTimerTask      timers.o
    0x0800d82c   0x00000078   Code   RO         3896    i.prvUnlockQueue    queue.o
    0x0800d8a4   0x000000f4   Code   RO         5023    i.put_fat           ff.o
    0x0800d998   0x00000018   Code   RO         4148    i.pvTaskIncrementMutexHeldCount  tasks.o
    0x0800d9b0   0x00000024   Code   RO         4683    i.pxPortInitialiseStack  port.o
    0x0800d9d4   0x00000004   Code   RO         4760    i.read_addr         usmart.o
    0x0800d9d8   0x00000062   Code   RO         5025    i.remove_chain      ff.o
    0x0800da3a   0x00000080   Code   RO         1451    i.run_self_test     inv_mpu.o
    0x0800daba   0x00000002   PAD
    0x0800dabc   0x00000054   Code   RO         1452    i.set_int_enable    inv_mpu.o
    0x0800db10   0x0000004c   Code   RO         6599    i.sqrt              m_ws.l(sqrt.o)
    0x0800db5c   0x00000010   Code   RO         5026    i.st_clust          ff.o
    0x0800db6c   0x000000b8   Code   RO            7    i.start_task        main.o
    0x0800dc24   0x0000001a   Code   RO         5027    i.sum_sfn           ff.o
    0x0800dc3e   0x000000b0   Code   RO         5028    i.sync_fs           ff.o
    0x0800dcee   0x00000052   Code   RO         5029    i.sync_window       ff.o
    0x0800dd40   0x000000a0   Code   RO         1983    i.uart_init         usart.o
    0x0800dde0   0x00000094   Code   RO         4761    i.usmart_cmd_rec    usmart.o
    0x0800de74   0x00000260   Code   RO         4762    i.usmart_exe        usmart.o
    0x0800e0d4   0x0000009c   Code   RO         4848    i.usmart_get_aparm  usmart_str.o
    0x0800e170   0x0000002e   Code   RO         4849    i.usmart_get_cmdname  usmart_str.o
    0x0800e19e   0x00000002   PAD
    0x0800e1a0   0x00000168   Code   RO         4850    i.usmart_get_fname  usmart_str.o
    0x0800e308   0x000000d0   Code   RO         4851    i.usmart_get_fparam  usmart_str.o
    0x0800e3d8   0x00000024   Code   RO         4852    i.usmart_get_parmpos  usmart_str.o
    0x0800e3fc   0x00000038   Code   RO         4763    i.usmart_get_runtime  usmart.o
    0x0800e434   0x00000028   Code   RO         4764    i.usmart_init       usmart.o
    0x0800e45c   0x00000010   Code   RO         4853    i.usmart_pow        usmart_str.o
    0x0800e46c   0x00000030   Code   RO         4765    i.usmart_reset_runtime  usmart.o
    0x0800e49c   0x000000a4   Code   RO         4766    i.usmart_scan       usmart.o
    0x0800e540   0x00000010   Code   RO         4854    i.usmart_search_nextc  usmart_str.o
    0x0800e550   0x000000a0   Code   RO         4855    i.usmart_str2num    usmart_str.o
    0x0800e5f0   0x00000018   Code   RO         4856    i.usmart_strcmp     usmart_str.o
    0x0800e608   0x00000012   Code   RO         4857    i.usmart_strcopy    usmart_str.o
    0x0800e61a   0x00000012   Code   RO         4858    i.usmart_strlen     usmart_str.o
    0x0800e62c   0x00000670   Code   RO         4767    i.usmart_sys_cmd_exe  usmart.o
    0x0800ec9c   0x00000024   Code   RO         3853    i.uxListRemove      list.o
    0x0800ecc0   0x0000001c   Code   RO         4153    i.uxTaskPriorityGet  tasks.o
    0x0800ecdc   0x00000014   Code   RO         4156    i.vApplicationGetIdleTaskMemory  tasks.o
    0x0800ecf0   0x00000018   Code   RO         4157    i.vApplicationGetTimerTaskMemory  tasks.o
    0x0800ed08   0x00000016   Code   RO         3854    i.vListInitialise   list.o
    0x0800ed1e   0x00000006   Code   RO         3855    i.vListInitialiseItem  list.o
    0x0800ed24   0x00000030   Code   RO         3856    i.vListInsert       list.o
    0x0800ed54   0x00000018   Code   RO         3857    i.vListInsertEnd    list.o
    0x0800ed6c   0x00000078   Code   RO         4685    i.vPortEnterCritical  port.o
    0x0800ede4   0x00000064   Code   RO         4686    i.vPortExitCritical  port.o
    0x0800ee48   0x0000009c   Code   RO         4635    i.vPortFree         heap_4.o
    0x0800eee4   0x00000020   Code   RO         4687    i.vPortSetupTimerInterrupt  port.o
    0x0800ef04   0x0000008c   Code   RO         4688    i.vPortValidateInterruptPriority  port.o
    0x0800ef90   0x00000024   Code   RO         3902    i.vQueueAddToRegistry  queue.o
    0x0800efb4   0x00000044   Code   RO         3906    i.vQueueWaitForMessageRestricted  queue.o
    0x0800eff8   0x0000006c   Code   RO         4158    i.vTaskDelay        tasks.o
    0x0800f064   0x000000cc   Code   RO         4160    i.vTaskDelete       tasks.o
    0x0800f130   0x0000000c   Code   RO         4164    i.vTaskMissedYield  tasks.o
    0x0800f13c   0x00000054   Code   RO         4166    i.vTaskPlaceOnEventList  tasks.o
    0x0800f190   0x0000005c   Code   RO         4167    i.vTaskPlaceOnEventListRestricted  tasks.o
    0x0800f1ec   0x00000084   Code   RO         4169    i.vTaskPriorityInherit  tasks.o
    0x0800f270   0x000000e4   Code   RO         4170    i.vTaskPrioritySet  tasks.o
    0x0800f354   0x00000048   Code   RO         4173    i.vTaskSetTimeOutState  tasks.o
    0x0800f39c   0x000000ac   Code   RO         4174    i.vTaskStartScheduler  tasks.o
    0x0800f448   0x00000010   Code   RO         4176    i.vTaskSuspendAll   tasks.o
    0x0800f458   0x0000007c   Code   RO         4177    i.vTaskSwitchContext  tasks.o
    0x0800f4d4   0x00000026   Code   RO         5030    i.validate          ff.o
    0x0800f4fa   0x00000004   Code   RO         4768    i.write_addr        usmart.o
    0x0800f4fe   0x00000002   PAD
    0x0800f500   0x00000078   Code   RO         4689    i.xPortStartScheduler  port.o
    0x0800f578   0x0000002c   Code   RO         4690    i.xPortSysTickHandler  port.o
    0x0800f5a4   0x00000088   Code   RO         3914    i.xQueueGenericCreateStatic  queue.o
    0x0800f62c   0x00000184   Code   RO         3915    i.xQueueGenericReceive  queue.o
    0x0800f7b0   0x000000a8   Code   RO         3916    i.xQueueGenericReset  queue.o
    0x0800f858   0x00000188   Code   RO         3917    i.xQueueGenericSend  queue.o
    0x0800f9e0   0x000000e0   Code   RO         3918    i.xQueueGenericSendFromISR  queue.o
    0x0800fac0   0x00000088   Code   RO         4178    i.xTaskCheckForTimeOut  tasks.o
    0x0800fb48   0x0000008c   Code   RO         4180    i.xTaskCreateStatic  tasks.o
    0x0800fbd4   0x0000001c   Code   RO         4184    i.xTaskGetSchedulerState  tasks.o
    0x0800fbf0   0x0000000c   Code   RO         4185    i.xTaskGetTickCount  tasks.o
    0x0800fbfc   0x000000e8   Code   RO         4187    i.xTaskIncrementTick  tasks.o
    0x0800fce4   0x000000b4   Code   RO         4190    i.xTaskPriorityDisinherit  tasks.o
    0x0800fd98   0x00000098   Code   RO         4191    i.xTaskRemoveFromEventList  tasks.o
    0x0800fe30   0x000000e4   Code   RO         4193    i.xTaskResumeAll    tasks.o
    0x0800ff14   0x00000088   Code   RO         4514    i.xTimerCreateTimerTask  timers.o
    0x0800ff9c   0x00000090   Code   RO         4515    i.xTimerGenericCommand  timers.o
    0x0801002c   0x0000002c   Code   RO         6719    locale$$code        c_w.l(lc_ctype_c.o)
    0x08010058   0x0000002c   Code   RO         6722    locale$$code        c_w.l(lc_numeric_c.o)
    0x08010084   0x00000062   Code   RO         6339    x$fpl$d2f           fz_ws.l(d2f.o)
    0x080100e6   0x00000002   PAD
    0x080100e8   0x00000150   Code   RO         6341    x$fpl$dadd          fz_ws.l(daddsub_clz.o)
    0x08010238   0x00000010   Code   RO         6665    x$fpl$dcheck1       fz_ws.l(dcheck1.o)
    0x08010248   0x000002b0   Code   RO         6348    x$fpl$ddiv          fz_ws.l(ddiv.o)
    0x080104f8   0x0000005a   Code   RO         6351    x$fpl$dfixu         fz_ws.l(dfixu.o)
    0x08010552   0x00000026   Code   RO         6355    x$fpl$dfltu         fz_ws.l(dflt_clz.o)
    0x08010578   0x00000154   Code   RO         6361    x$fpl$dmul          fz_ws.l(dmul.o)
    0x080106cc   0x0000009c   Code   RO         6552    x$fpl$dnaninf       fz_ws.l(dnaninf.o)
    0x08010768   0x0000000c   Code   RO         6554    x$fpl$dretinf       fz_ws.l(dretinf.o)
    0x08010774   0x00000016   Code   RO         6342    x$fpl$drsb          fz_ws.l(daddsub_clz.o)
    0x0801078a   0x00000002   PAD
    0x0801078c   0x000001cc   Code   RO         6669    x$fpl$dsqrt         fz_ws.l(dsqrt_noumaal.o)
    0x08010958   0x000001d4   Code   RO         6343    x$fpl$dsub          fz_ws.l(daddsub_clz.o)
    0x08010b2c   0x00000056   Code   RO         6363    x$fpl$f2d           fz_ws.l(f2d.o)
    0x08010b82   0x00000002   PAD
    0x08010b84   0x000000c4   Code   RO         6365    x$fpl$fadd          fz_ws.l(faddsub_clz.o)
    0x08010c48   0x0000000c   Code   RO         6556    x$fpl$fcheck1       fz_ws.l(fcheck1.o)
    0x08010c54   0x00000184   Code   RO         6372    x$fpl$fdiv          fz_ws.l(fdiv.o)
    0x08010dd8   0x00000036   Code   RO         6377    x$fpl$ffix          fz_ws.l(ffix.o)
    0x08010e0e   0x00000002   PAD
    0x08010e10   0x0000003e   Code   RO         6381    x$fpl$ffixu         fz_ws.l(ffixu.o)
    0x08010e4e   0x00000002   PAD
    0x08010e50   0x00000030   Code   RO         6386    x$fpl$fflt          fz_ws.l(fflt_clz.o)
    0x08010e80   0x00000026   Code   RO         6385    x$fpl$ffltu         fz_ws.l(fflt_clz.o)
    0x08010ea6   0x00000002   PAD
    0x08010ea8   0x00000102   Code   RO         6393    x$fpl$fmul          fz_ws.l(fmul.o)
    0x08010faa   0x0000008c   Code   RO         6560    x$fpl$fnaninf       fz_ws.l(fnaninf.o)
    0x08011036   0x0000000a   Code   RO         6562    x$fpl$fretinf       fz_ws.l(fretinf.o)
    0x08011040   0x000000ea   Code   RO         6367    x$fpl$fsub          fz_ws.l(faddsub_clz.o)
    0x0801112a   0x00000004   Code   RO         6564    x$fpl$printf1       fz_ws.l(printf1.o)
    0x0801112e   0x00000064   Code   RO         6673    x$fpl$retnan        fz_ws.l(retnan.o)
    0x08011192   0x0000005c   Code   RO         6566    x$fpl$scalbn        fz_ws.l(scalbn.o)
    0x080111ee   0x0000004c   Code   RO         6395    x$fpl$scalbnf       fz_ws.l(scalbnf.o)
    0x0801123a   0x00000030   Code   RO         6744    x$fpl$trapveneer    fz_ws.l(trapv.o)
    0x0801126a   0x00000000   Code   RO         6568    x$fpl$usenofp       fz_ws.l(usenofp.o)
    0x0801126a   0x000017c0   Data   RO          482    .constdata          lcd.o
    0x08012a2a   0x00000082   Data   RO          895    .constdata          ov7725.o
    0x08012aac   0x0000001b   Data   RO         1454    .constdata          inv_mpu.o
    0x08012ac7   0x00000001   PAD
    0x08012ac8   0x0000000c   Data   RO         1455    .constdata          inv_mpu.o
    0x08012ad4   0x00000028   Data   RO         1456    .constdata          inv_mpu.o
    0x08012afc   0x00000bf6   Data   RO         1754    .constdata          inv_mpu_dmp_motion_driver.o
    0x080136f2   0x0000003a   Data   RO         5031    .constdata          ff.o
    0x0801372c   0x000003c0   Data   RO         5343    .constdata          mycc936.o
    0x08013aec   0x00000018   Data   RO         5373    .constdata          malloc.o
    0x08013b04   0x00000028   Data   RO         6283    .constdata          c_w.l(_printf_hex_int_ll_ptr.o)
    0x08013b2c   0x00000011   Data   RO         6303    .constdata          c_w.l(__printf_flags_ss_wp.o)
    0x08013b3d   0x00000003   PAD
    0x08013b40   0x00000050   Data   RO         6399    .constdata          m_ws.l(asin.o)
    0x08013b90   0x00000008   Data   RO         6471    .constdata          c_w.l(_printf_wctomb.o)
    0x08013b98   0x00000098   Data   RO         6571    .constdata          m_ws.l(atan.o)
    0x08013c30   0x00000008   Data   RO         6597    .constdata          m_ws.l(qnan.o)
    0x08013c38   0x00000094   Data   RO         6694    .constdata          c_w.l(bigflt0.o)
    0x08013ccc   0x0000004d   Data   RO         1457    .conststring        inv_mpu.o
    0x08013d19   0x00000003   PAD
    0x08013d1c   0x00000028   Data   RO         4769    .conststring        usmart.o
    0x08013d44   0x00000117   Data   RO         4834    .conststring        usmart_config.o
    0x08013e5b   0x00000001   PAD
    0x08013e5c   0x00000020   Data   RO         6803    Region$$Table       anon$$obj.o
    0x08013e7c   0x00000110   Data   RO         6718    locale$$data        c_w.l(lc_ctype_c.o)
    0x08013f8c   0x0000001c   Data   RO         6721    locale$$data        c_w.l(lc_numeric_c.o)


    Execution Region ER_RW (Base: 0x20000000, Size: 0x000002a8, Max: 0xffffffff, ABSOLUTE, COMPRESSED[0x000000bc])

    Base Addr    Size         Type   Attr      Idx    E Section Name        Object

    0x20000000   0x00000014   Data   RW           11    .data               main.o
    0x20000014   0x00000004   Data   RW           12    .data               main.o
    0x20000018   0x00000014   Data   RW          361    .data               system_stm32f10x.o
    0x2000002c   0x00000001   Data   RW          411    .data               timer.o
    0x2000002d   0x00000001   PAD
    0x2000002e   0x00000004   Data   RW          483    .data               lcd.o
    0x20000032   0x00000001   Data   RW          715    .data               exti.o
    0x20000033   0x00000001   PAD
    0x20000034   0x00000002   Data   RW          985    .data               w25qxx.o
    0x20000036   0x00000002   PAD
    0x20000038   0x00000010   Data   RW         1100    .data               sdio_sdcard.o
    0x20000048   0x00000035   Data   RW         1458    .data               inv_mpu.o
    0x2000007d   0x00000001   PAD
    0x2000007e   0x00000004   Data   RW         1904    .data               delay.o
    0x20000082   0x00000002   Data   RW         1985    .data               usart.o
    0x20000084   0x00000004   Data   RW         1986    .data               usart.o
    0x20000088   0x00000014   Data   RW         2274    .data               stm32f10x_rcc.o
    0x2000009c   0x0000003c   Data   RW         4196    .data               tasks.o
    0x200000d8   0x00000014   Data   RW         4523    .data               timers.o
    0x200000ec   0x00000018   Data   RW         4640    .data               heap_4.o
    0x20000104   0x0000000c   Data   RW         4691    .data               port.o
    0x20000110   0x0000001c   Data   RW         4770    .data               usmart.o
    0x2000012c   0x00000040   Data   RW         4835    .data               usmart_config.o
    0x2000016c   0x000000f4   Data   RW         4836    .data               usmart_config.o
    0x20000260   0x00000002   Data   RW         4923    .data               diskio.o
    0x20000262   0x00000002   PAD
    0x20000264   0x0000000c   Data   RW         5032    .data               ff.o
    0x20000270   0x00000014   Data   RW         5304    .data               exfuns.o
    0x20000284   0x00000004   Data   RW         5306    .data               exfuns.o
    0x20000288   0x0000001c   Data   RW         5374    .data               malloc.o
    0x200002a4   0x00000004   Data   RW         6129    .data               esp8266.o


    Execution Region ER_ZI (Base: 0x200002a8, Size: 0x0000ef00, Max: 0xffffffff, ABSOLUTE)

    Base Addr    Size         Type   Attr      Idx    E Section Name        Object

    0x200002a8   0x00000401   Zero   RW            8    .bss                main.o
    0x200006a9   0x00000003   PAD
    0x200006ac   0x00001b70   Zero   RW           10    .bss                main.o
    0x2000221c   0x0000000e   Zero   RW          481    .bss                lcd.o
    0x2000222a   0x00001000   Zero   RW          984    .bss                w25qxx.o
    0x2000322a   0x00000006   PAD
    0x20003230   0x000002c0   Zero   RW         1099    .bss                sdio_sdcard.o
    0x200034f0   0x00000010   Zero   RW         1753    .bss                inv_mpu_dmp_motion_driver.o
    0x20003500   0x000000c8   Zero   RW         1984    .bss                usart.o
    0x200035c8   0x00000040   Zero   RW         3929    .bss                queue.o
    0x20003608   0x000009b4   Zero   RW         4195    .bss                tasks.o
    0x20003fbc   0x000000cc   Zero   RW         4522    .bss                timers.o
    0x20004088   0x00000018   PAD
    0x200040a0   0x0000a000   Zero   RW         5371    .bss                malloc.o
    0x2000e0a0   0x00000a00   Zero   RW         5372    .bss                malloc.o
    0x2000eaa0   0x00000021   Zero   RW         5760    .bss                fontupd.o
    0x2000eac1   0x00000080   Zero   RW         6128    .bss                esp8266.o
    0x2000eb41   0x00000003   PAD
    0x2000eb44   0x00000060   Zero   RW         6609    .bss                c_w.l(libspace.o)
    0x2000eba4   0x00000004   PAD
    0x2000eba8   0x00000200   Zero   RW         2062    HEAP                startup_stm32f10x_hd.o
    0x2000eda8   0x00000400   Zero   RW         2061    STACK               startup_stm32f10x_hd.o



  Load Region LR$$.ARM.__AT_0x68000000 (Base: 0x68000000, Size: 0x00000000, Max: 0x000f0000, ABSOLUTE)

    Execution Region ER$$.ARM.__AT_0x68000000 (Base: 0x68000000, Size: 0x000f0000, Max: 0x000f0000, ABSOLUTE, UNINIT)

    Base Addr    Size         Type   Attr      Idx    E Section Name        Object

    0x68000000   0x000f0000   Zero   RW         5369    .ARM.__AT_0x68000000  malloc.o



  Load Region LR$$.ARM.__AT_0x680F0000 (Base: 0x680f0000, Size: 0x00000000, Max: 0x0000f000, ABSOLUTE)

    Execution Region ER$$.ARM.__AT_0x680F0000 (Base: 0x680f0000, Size: 0x0000f000, Max: 0x0000f000, ABSOLUTE, UNINIT)

    Base Addr    Size         Type   Attr      Idx    E Section Name        Object

    0x680f0000   0x0000f000   Zero   RW         5370    .ARM.__AT_0x680F0000  malloc.o


==============================================================================

Image component sizes


      Code (inc. data)   RO Data    RW Data    ZI Data      Debug   Object Name

       424          8          0          0          0       2401   bmp.o
       200         20          0          4          0       2289   delay.o
       406         30          0          0          0       3792   dht11.o
       332         14          0          2          0       5844   diskio.o
       822          6          0          0          0       6383   edpkit.o
      1240        548          0          4        128       5712   esp8266.o
         0          0          0          0          0      17184   event_groups.o
       100          6          0         24          0       1671   exfuns.o
       362         50          0          1          0       3375   exti.o
      5472         60         58         12          0      30875   ff.o
        64          6          0          0         33       2045   fontupd.o
       232         66          0         24          0       2380   heap_4.o
      5312        282        156         53          0      29074   inv_mpu.o
      2354        116       3062          0         16      19182   inv_mpu_dmp_motion_driver.o
        60          8          0          0          0        499   key.o
      9680        174       6080          4         14      52113   lcd.o
        80         10          0          0          0        511   led.o
       136          0          0          0          0       2842   list.o
      1976        482          0         24       8049     312878   main.o
       412         46         24         28    1088000       5588   malloc.o
       144         16          0          0          0       1965   misc.o
       538          0          0          0          0       5673   mpu6050.o
       596         64          0          0          0       5134   mpuiic.o
       148         14        960          0          0       1691   mycc936.o
      1332        686          0          0          0       4999   onenet.o
       110          0          0          0          0        652   ov7670.o
       674         52        130          0          0       4208   ov7725.o
        16          0          0          0          0        901   piclib.o
       842        312          0         12          0      10053   port.o
      1884        234          0          0         64      14207   queue.o
       682         66          0          0          0       4759   sccb.o
      5776        266          0         16        704      31242   sdio_sdcard.o
       256         18          0          0          0       1701   spi.o
        64         26        304          0       1536        804   startup_stm32f10x_hd.o
       308         10          0          0          0       3362   stm32f10x_dma.o
       156         14          0          0          0       2068   stm32f10x_exti.o
       232          6          0          0          0       1821   stm32f10x_fsmc.o
       312         12          0          0          0       4643   stm32f10x_gpio.o
        12          0          0          0          0       2489   stm32f10x_it.o
       220         34          0         20          0       4914   stm32f10x_rcc.o
       284         66          0          0          0       7890   stm32f10x_sdio.o
        98          0          0          0          0       3634   stm32f10x_spi.o
       254         42          0          0          0       6719   stm32f10x_tim.o
       338          6          0          0          0       6211   stm32f10x_usart.o
         8          0          0          0          0        869   sys.o
       248         24          0         20          0       1745   system_stm32f10x.o
      3204        808          0         60       2484      37183   tasks.o
       478         16          0          0          0       2743   text.o
       280         82          0          1          0       2337   timer.o
      1100        254          0         20        204       8055   timers.o
       568         36          0          6        200       7214   usart.o
      2876       1332         40         28          0       7382   usmart.o
         0          0        279        308          0       1688   usmart_config.o
      1058         20          0          0          0       7627   usmart_str.o
       710         58          0          2       4096       6459   w25qxx.o

    ----------------------------------------------------------------------
     55532       6506      11130        680    1105564     721680   Object Totals
         0          0         32          0          0          0   (incl. Generated)
        62          0          5          7         36          0   (incl. Padding)

    ----------------------------------------------------------------------

      Code (inc. data)   RO Data    RW Data    ZI Data      Debug   Library Member Name

        24          4          0          0          0         84   __2printf.o
        44          6          0          0          0         84   __2sprintf.o
        90          0          0          0          0          0   __dczerorl2.o
         8          0          0          0          0         68   __main.o
       392          4         17          0          0         92   __printf_flags_ss_wp.o
        14          0          0          0          0         68   __printf_wp.o
         0          0          0          0          0          0   __rtentry.o
        12          0          0          0          0          0   __rtentry2.o
         6          0          0          0          0          0   __rtentry4.o
        52          8          0          0          0          0   __scatter.o
        28          0          0          0          0          0   __scatter_zi.o
        28          0          0          0          0         68   _chval.o
         6          0          0          0          0          0   _printf_a.o
         6          0          0          0          0          0   _printf_c.o
        44          0          0          0          0        108   _printf_char.o
        48          6          0          0          0         96   _printf_char_common.o
        36          4          0          0          0         80   _printf_char_file.o
        40          0          0          0          0         68   _printf_charcount.o
         6          0          0          0          0          0   _printf_d.o
       120         16          0          0          0         92   _printf_dec.o
         6          0          0          0          0          0   _printf_e.o
         6          0          0          0          0          0   _printf_f.o
      1050          0          0          0          0        216   _printf_fp_dec.o
       128         16          0          0          0         84   _printf_fp_infnan.o
         6          0          0          0          0          0   _printf_g.o
       148          4         40          0          0        160   _printf_hex_int_ll_ptr.o
         6          0          0          0          0          0   _printf_i.o
       178          0          0          0          0         88   _printf_intcommon.o
        10          0          0          0          0          0   _printf_l.o
         6          0          0          0          0          0   _printf_lc.o
        10          0          0          0          0          0   _printf_ll.o
         6          0          0          0          0          0   _printf_lld.o
         6          0          0          0          0          0   _printf_lli.o
         6          0          0          0          0          0   _printf_llo.o
         6          0          0          0          0          0   _printf_llu.o
         6          0          0          0          0          0   _printf_llx.o
       124         16          0          0          0         92   _printf_longlong_dec.o
         6          0          0          0          0          0   _printf_ls.o
         6          0          0          0          0          0   _printf_n.o
         6          0          0          0          0          0   _printf_o.o
       112          8          0          0          0        124   _printf_oct_int_ll.o
         6          0          0          0          0          0   _printf_p.o
        78          0          0          0          0        108   _printf_pad.o
         0          0          0          0          0          0   _printf_percent.o
         4          0          0          0          0          0   _printf_percent_end.o
         6          0          0          0          0          0   _printf_s.o
        82          0          0          0          0         80   _printf_str.o
        36          0          0          0          0         84   _printf_truncate.o
         6          0          0          0          0          0   _printf_u.o
        44          0          0          0          0        108   _printf_wchar.o
       188          6          8          0          0         92   _printf_wctomb.o
         6          0          0          0          0          0   _printf_x.o
        22          0          0          0          0        100   _rserrno.o
        16          0          0          0          0         68   _snputc.o
        10          0          0          0          0         68   _sputc.o
       158          0          0          0          0         92   _strtoul.o
        64          0          0          0          0         92   _wcrtomb.o
        16          0          0          0          0         68   aeabi_memset.o
        26          0          0          0          0         80   atoi.o
       220          4        148          0          0         96   bigflt0.o
      1910        128          0          0          0        672   btod.o
        52          4          0          0          0         80   c89vsnprintf.o
        10          0          0          0          0         68   defsig_exit.o
        50          0          0          0          0         88   defsig_general.o
        80         58          0          0          0         76   defsig_rtmem_inner.o
        14          0          0          0          0         80   defsig_rtmem_outer.o
        12          0          0          0          0         72   exit.o
         8          0          0          0          0         68   ferror.o
        94          0          0          0          0         80   h1_alloc.o
        52          0          0          0          0         68   h1_extend.o
        78          0          0          0          0         80   h1_free.o
        14          0          0          0          0         84   h1_init.o
         6          0          0          0          0        152   heapauxi.o
         4          0          0          0          0        136   hguard.o
       138          0          0          0          0        168   init_alloc.o
        44         10        272          0          0         76   lc_ctype_c.o
        44         10         28          0          0         76   lc_numeric_c.o
         2          0          0          0          0          0   libinit.o
        38          0          0          0          0          0   libinit2.o
         2          0          0          0          0          0   libshutdown.o
         2          0          0          0          0          0   libshutdown2.o
         8          4          0          0         96         68   libspace.o
        72          0          0          0          0         76   llsdiv.o
       138          0          0          0          0         80   lludiv10.o
       238          0          0          0          0        100   lludivv7m.o
         0          0          0          0          0          0   maybetermalloc1.o
        88          0          0          0          0         76   memcmp.o
        16          4          0          0          0         76   rt_ctype_table.o
         8          4          0          0          0         68   rt_errno_addr_intlibspace.o
         8          4          0          0          0         68   rt_heap_descriptor_intlibspace.o
         8          4          0          0          0         68   rt_locale_intlibspace.o
        68          0          0          0          0         68   rt_memclr.o
        78          0          0          0          0         80   rt_memclr_w.o
       138          0          0          0          0         68   rt_memcpy_v6.o
       100          0          0          0          0         80   rt_memcpy_w.o
         2          0          0          0          0          0   rtexit.o
        10          0          0          0          0          0   rtexit2.o
        20          0          0          0          0         68   strchr.o
       128          0          0          0          0         68   strcmpv7m.o
        62          0          0          0          0         76   strlen.o
        36          0          0          0          0         76   strncat.o
        36          0          0          0          0         80   strstr.o
       112          0          0          0          0         88   strtol.o
        74          0          0          0          0         80   sys_stackheap_outer.o
         2          0          0          0          0         68   use_no_semi.o
         2          0          0          0          0         68   use_no_semi_2.o
        98          4          0          0          0         92   d2f.o
       826         16          0          0          0        348   daddsub_clz.o
        16          4          0          0          0         68   dcheck1.o
       688        140          0          0          0        208   ddiv.o
        90          4          0          0          0         92   dfixu.o
        38          0          0          0          0         68   dflt_clz.o
       340         12          0          0          0        104   dmul.o
       156          4          0          0          0         92   dnaninf.o
        12          0          0          0          0         68   dretinf.o
       460         56          0          0          0        120   dsqrt_noumaal.o
        86          4          0          0          0         84   f2d.o
       430          8          0          0          0        168   faddsub_clz.o
        12          4          0          0          0         68   fcheck1.o
       388         76          0          0          0         96   fdiv.o
        54          4          0          0          0         84   ffix.o
        62          4          0          0          0         84   ffixu.o
        86          0          0          0          0        136   fflt_clz.o
       258          4          0          0          0         84   fmul.o
       140          4          0          0          0         84   fnaninf.o
        10          0          0          0          0         68   fretinf.o
         4          0          0          0          0         68   printf1.o
       100          0          0          0          0         68   retnan.o
        92          0          0          0          0         68   scalbn.o
        76          0          0          0          0         68   scalbnf.o
        48          0          0          0          0         68   trapv.o
         0          0          0          0          0          0   usenofp.o
       624         52         80          0          0        168   asin.o
       544         70        152          0          0        124   atan.o
       384         38          0          0          0        144   atan2.o
        38          6          0          0          0        272   dunder.o
        40          0          0          0          0         68   fpclassify.o
       170          0          0          0          0         96   poly.o
         0          0          8          0          0          0   qnan.o
        76          0          0          0          0         84   sqrt.o

    ----------------------------------------------------------------------
     14414        846        756          0        100      10092   Library Totals
        32          0          3          0          4          0   (incl. Padding)

    ----------------------------------------------------------------------

      Code (inc. data)   RO Data    RW Data    ZI Data      Debug   Library Name

      7936        332        513          0         96       6580   c_w.l
      4570        348          0          0          0       2556   fz_ws.l
      1876        166        240          0          0        956   m_ws.l

    ----------------------------------------------------------------------
     14414        846        756          0        100      10092   Library Totals

    ----------------------------------------------------------------------

==============================================================================


      Code (inc. data)   RO Data    RW Data    ZI Data      Debug   

     69946       7352      11886        680    1105664     704832   Grand Totals
     69946       7352      11886        188    1105664     704832   ELF Image Totals (compressed)
     69946       7352      11886        188          0          0   ROM Totals

==============================================================================

    Total RO  Size (Code + RO Data)                81832 (  79.91kB)
    Total RW  Size (RW Data + ZI Data)           1106344 (1080.41kB)
    Total ROM Size (Code + RO Data + RW Data)      82020 (  80.10kB)

==============================================================================

