<html>
<body>
<pre>
<h1>µVision Build Log</h1>
<h2>Tool Versions:</h2>
IDE-Version: ¶ÃVision V5.14.0.0
Copyright (C) 2015 ARM Ltd and ARM Germany GmbH. All rights reserved.
License Information: GAO 731624438@qq.com, 111, LIC=RC93N-YRJ8V-CXZU6-DLWKS-R37T5-5KMTT
 
Tool Versions:
Toolchain:       MDK-ARM Standard  Version: 5.14.0.0
Toolchain Path:  D:\KEIL\ARM\ARMCC\Bin
C Compiler:      Armcc.exe V5.05 update 1 (build 106)
Assembler:       Armasm.exe V5.05 update 1 (build 106)
Linker/Locator:  ArmLink.exe V5.05 update 1 (build 106)
Library Manager: ArmAr.exe V5.05 update 1 (build 106)
Hex Converter:   FromElf.exe V5.05 update 1 (build 106)
CPU DLL:         SARMCM3.DLL V5.14.0.0
Dialog DLL:      DARMSTM.DLL V1.65.0.0
Target DLL:      STLink\ST-LINKIII-KEIL_SWO.dll V2.0.14.0_KEIL
Dialog DLL:      TARMSTM.DLL V1.64.0.0
 
<h2>Project:</h2>
C:\Users\73162\Desktop\±˘œ‰\git_Fridge\Fridge_Program\Fridge\USER\FreeRTOS.uvprojx
Project File Date:  03/24/2022

<h2>Output:</h2>
Build target 'FreeRTOS'
compiling main.c...
main.c(331): warning:  #223-D: function "bmp_encode" declared implicitly
                                        bmp_encode(pname, (lcddev.width - 240) / 2, (lcddev.height - 320) / 2, 240, 320, 1);//≈ƒ’’£¨º¥Ωÿ∆¡£¨∏≤∏«±£¥Ê
main.c: 1 warning, 0 errors
linking...
Program Size: Code=69946 RO-data=11886 RW-data=680 ZI-data=1105664  
FromELF: creating hex file...
"..\OBJ\LED.axf" - 0 Error(s), 1 Warning(s).

<h2>Collection of Component include folders:</h2>
  C:\Users\73162\Desktop\±˘œ‰\git_Fridge\Fridge_Program\Fridge\USER\RTE
  D:\KEIL\ARM\PACK\Keil\STM32F1xx_DFP\1.0.5\Device\Include

<h2>Collection of Component Files used:</h2>
</pre>
</body>
</html>
